BL51 BANKED LINKER/LOCATER V6.22                                                        01/05/2018  11:11:16  PAGE 1


BL51 BANKED LINKER/LOCATER V6.22, INVOKED BY:
C:\KEIL_V5\C51\BIN\BL51.EXE m654x.obj, main.obj, eeprom.obj, energy.obj, ce43a02_ce.obj, ce43a02_dat.obj TO ce43_ex.abs 
>> REGFILE (.\ce43_ex.abs.ORC) RAMSIZE (256) DISABLEWARNING (16) CODE (0X0400-0XFFFF, ?CO?CE43A02_DAT (0X0FE), ?CO?CE43A
>> 02_CE (0XBFE)) XDATA (0X0520-0X13FF) PDATA (0X200)


MEMORY MODEL: LARGE WITH FLOATING POINT ARITHMETIC


INPUT MODULES INCLUDED:
  m654x.obj (M654X)
  main.obj (MAIN)
  eeprom.obj (EEPROM)
  energy.obj (ENERGY)
  ce43a02_ce.obj (CE43A02_CE)
  ce43a02_dat.obj (CE43A02_DAT)
  C:\KEIL_V5\C51\LIB\C51FPL.LIB (?C?FPADD)
  C:\KEIL_V5\C51\LIB\C51FPL.LIB (?C?FPMUL)
  C:\KEIL_V5\C51\LIB\C51FPL.LIB (?C?FPDIV)
  C:\KEIL_V5\C51\LIB\C51FPL.LIB (?C?FCAST)
  C:\KEIL_V5\C51\LIB\C51FPL.LIB (?C?CASTF)
  C:\KEIL_V5\C51\LIB\C51FPL.LIB (SQRT)
  C:\KEIL_V5\C51\LIB\C51FPL.LIB (ACOS)
  C:\KEIL_V5\C51\LIB\C51FPL.LIB (?C?FPGETOPN)
  C:\KEIL_V5\C51\LIB\C51FPL.LIB (ATAN)
  C:\KEIL_V5\C51\LIB\C51FPL.LIB (?C?FPSERIES)
  C:\KEIL_V5\C51\LIB\C51L.LIB (?C_STARTUP)
  C:\KEIL_V5\C51\LIB\C51L.LIB (?C?COPY)
  C:\KEIL_V5\C51\LIB\C51L.LIB (?C?CLDPTR)
  C:\KEIL_V5\C51\LIB\C51L.LIB (?C?CLDOPTR)
  C:\KEIL_V5\C51\LIB\C51L.LIB (?C?CSTPTR)
  C:\KEIL_V5\C51\LIB\C51L.LIB (?C?CSTOPTR)
  C:\KEIL_V5\C51\LIB\C51L.LIB (?C?IILDX)
  C:\KEIL_V5\C51\LIB\C51L.LIB (?C?ILDIX)
  C:\KEIL_V5\C51\LIB\C51L.LIB (?C?LADD)
  C:\KEIL_V5\C51\LIB\C51L.LIB (?C?LSUB)
  C:\KEIL_V5\C51\LIB\C51L.LIB (?C?LMUL)
  C:\KEIL_V5\C51\LIB\C51L.LIB (?C?ULDIV)
  C:\KEIL_V5\C51\LIB\C51L.LIB (?C?SLDIV)
  C:\KEIL_V5\C51\LIB\C51L.LIB (?C?LOR)
  C:\KEIL_V5\C51\LIB\C51L.LIB (?C?LNEG)
  C:\KEIL_V5\C51\LIB\C51L.LIB (?C?SLCMP)
  C:\KEIL_V5\C51\LIB\C51L.LIB (?C?ULCMP)
  C:\KEIL_V5\C51\LIB\C51L.LIB (?C?ULSHR)
  C:\KEIL_V5\C51\LIB\C51L.LIB (?C?SLSHR)
  C:\KEIL_V5\C51\LIB\C51L.LIB (?C?LLDIDATA)
  C:\KEIL_V5\C51\LIB\C51L.LIB (?C?LLDXDATA)
  C:\KEIL_V5\C51\LIB\C51L.LIB (?C?LLDPDATA)
  C:\KEIL_V5\C51\LIB\C51L.LIB (?C?LLDCODE)
  C:\KEIL_V5\C51\LIB\C51L.LIB (?C?LLDXDATA0)
  C:\KEIL_V5\C51\LIB\C51L.LIB (?C?LLDPDATA0)
  C:\KEIL_V5\C51\LIB\C51L.LIB (?C?LLDCODE0)
  C:\KEIL_V5\C51\LIB\C51L.LIB (?C?LSTIDATA)
  C:\KEIL_V5\C51\LIB\C51L.LIB (?C?LSTXDATA)
  C:\KEIL_V5\C51\LIB\C51L.LIB (?C?LSTKXDATA)
  C:\KEIL_V5\C51\LIB\C51L.LIB (?C?LSTKPDATA)
  C:\KEIL_V5\C51\LIB\C51L.LIB (?C?OFFXADD)
  C:\KEIL_V5\C51\LIB\C51L.LIB (?C?PLDXDATA)
BL51 BANKED LINKER/LOCATER V6.22                                                      01/05/2018  11:11:16  PAGE 2


  C:\KEIL_V5\C51\LIB\C51L.LIB (?C?PLDIXDATA)
  C:\KEIL_V5\C51\LIB\C51L.LIB (?C?PSTXDATA)
  C:\KEIL_V5\C51\LIB\C51L.LIB (?C?CCASE)
  C:\KEIL_V5\C51\LIB\C51L.LIB (?C?ICALL)
  C:\KEIL_V5\C51\LIB\C51L.LIB (?C_IBP)
  C:\KEIL_V5\C51\LIB\C51L.LIB (LABS)
  C:\KEIL_V5\C51\LIB\C51L.LIB (?C_INIT)


LINK MAP OF MODULE:  ce43_ex.abs (M654X)


            TYPE    BASE      LENGTH    RELOCATION   SEGMENT NAME
            -----------------------------------------------------

            * * * * * * *   D A T A   M E M O R Y   * * * * * * *
            REG     0000H     0008H     ABSOLUTE     "REG BANK 0"
            REG     0008H     0008H     ABSOLUTE     "REG BANK 1"
            DATA    0010H     0001H     UNIT         ?DT?MAIN
            DATA    0011H     0001H     UNIT         ?C?LIB_DATA
            IDATA   0012H     0002H     UNIT         _IDATA_GROUP_
                    0014H     000CH                  *** GAP ***
            BIT     0020H.0   0000H.3   UNIT         ?BI?MAIN
            BIT     0020H.3   0000H.3   UNIT         _BIT_GROUP_
            BIT     0020H.6   0000H.2   UNIT         ?BI?ENERGY
            IDATA   0021H     0001H     UNIT         ?STACK

            * * * * * * *  X D A T A   M E M O R Y  * * * * * * *
            XDATA   0000H     0004H     ABSOLUTE     
                    0004H     003CH                  *** GAP ***
            XDATA   0040H     0004H     ABSOLUTE     
            XDATA   0044H     0004H     ABSOLUTE     
            XDATA   0048H     0004H     ABSOLUTE     
            XDATA   004CH     0004H     ABSOLUTE     
            XDATA   0050H     0004H     ABSOLUTE     
            XDATA   0054H     0004H     ABSOLUTE     
            XDATA   0058H     0004H     ABSOLUTE     
            XDATA   005CH     0004H     ABSOLUTE     
            XDATA   0060H     0004H     ABSOLUTE     
            XDATA   0064H     0004H     ABSOLUTE     
            XDATA   0068H     0004H     ABSOLUTE     
            XDATA   006CH     0004H     ABSOLUTE     
            XDATA   0070H     0004H     ABSOLUTE     
                    0074H     000CH                  *** GAP ***
            XDATA   0080H     0004H     ABSOLUTE     
            XDATA   0084H     0004H     ABSOLUTE     
            XDATA   0088H     0004H     ABSOLUTE     
            XDATA   008CH     0004H     ABSOLUTE     
            XDATA   0090H     0004H     ABSOLUTE     
            XDATA   0094H     0004H     ABSOLUTE     
            XDATA   0098H     0004H     ABSOLUTE     
            XDATA   009CH     0004H     ABSOLUTE     
            XDATA   00A0H     0004H     ABSOLUTE     
            XDATA   00A4H     0004H     ABSOLUTE     
            XDATA   00A8H     0004H     ABSOLUTE     
            XDATA   00ACH     0004H     ABSOLUTE     
            XDATA   00B0H     0004H     ABSOLUTE     
BL51 BANKED LINKER/LOCATER V6.22                                                      01/05/2018  11:11:16  PAGE 3


            XDATA   00B4H     0004H     ABSOLUTE     
            XDATA   00B8H     0004H     ABSOLUTE     
            XDATA   00BCH     0004H     ABSOLUTE     
            XDATA   00C0H     0004H     ABSOLUTE     
            XDATA   00C4H     0004H     ABSOLUTE     
                    00C8H     0038H                  *** GAP ***
            XDATA   0100H     0014H     ABSOLUTE     
            XDATA   0114H     0004H     ABSOLUTE     
            XDATA   0118H     0004H     ABSOLUTE     
            XDATA   011CH     0004H     ABSOLUTE     
            XDATA   0120H     0004H     ABSOLUTE     
            XDATA   0124H     0004H     ABSOLUTE     
            XDATA   0128H     0004H     ABSOLUTE     
            XDATA   012CH     0004H     ABSOLUTE     
            XDATA   0130H     0004H     ABSOLUTE     
                    0134H     00CCH                  *** GAP ***
            XDATA   0200H     0004H     ABSOLUTE     
            XDATA   0204H     0004H     ABSOLUTE     
            XDATA   0208H     0004H     ABSOLUTE     
            XDATA   020CH     0004H     ABSOLUTE     
            XDATA   0210H     0004H     ABSOLUTE     
            XDATA   0214H     0004H     ABSOLUTE     
            XDATA   0218H     0004H     ABSOLUTE     
            XDATA   021CH     0004H     ABSOLUTE     
            XDATA   0220H     0004H     ABSOLUTE     
            XDATA   0224H     0004H     ABSOLUTE     
            XDATA   0228H     0004H     ABSOLUTE     
            XDATA   022CH     0004H     ABSOLUTE     
            XDATA   0230H     0004H     ABSOLUTE     
            XDATA   0234H     0004H     ABSOLUTE     
            XDATA   0238H     0004H     ABSOLUTE     
            XDATA   023CH     0004H     ABSOLUTE     
            XDATA   0240H     0004H     ABSOLUTE     
            XDATA   0244H     0004H     ABSOLUTE     
            XDATA   0248H     0004H     ABSOLUTE     
            XDATA   024CH     0004H     ABSOLUTE     
            XDATA   0250H     0004H     ABSOLUTE     
            XDATA   0254H     0004H     ABSOLUTE     
            XDATA   0258H     0004H     ABSOLUTE     
            XDATA   025CH     0004H     ABSOLUTE     
            XDATA   0260H     0004H     ABSOLUTE     
            XDATA   0264H     0004H     ABSOLUTE     
                    0268H     02B8H                  *** GAP ***
            XDATA   0520H     0225H     UNIT         ?XD?ENERGY
            XDATA   0745H     005DH     UNIT         ?XD?CAL_MODULE?ENERGY
            XDATA   07A2H     0038H     UNIT         ?XD?MAIN
            XDATA   07DAH     0033H     UNIT         _XDATA_GROUP_
                    080DH     18F3H                  *** GAP ***
            XDATA   2100H     0006H     ABSOLUTE     
            XDATA   2106H     0001H     ABSOLUTE     
            XDATA   2107H     0001H     ABSOLUTE     
            XDATA   2108H     0001H     ABSOLUTE     
            XDATA   2109H     0001H     ABSOLUTE     
            XDATA   210AH     0001H     ABSOLUTE     
            XDATA   210BH     0001H     ABSOLUTE     
            XDATA   210CH     0001H     ABSOLUTE     
            XDATA   210DH     0002H     ABSOLUTE     
BL51 BANKED LINKER/LOCATER V6.22                                                      01/05/2018  11:11:16  PAGE 4


            XDATA   210FH     0003H     ABSOLUTE     
                    2112H     00EEH                  *** GAP ***
            XDATA   2200H     0001H     ABSOLUTE     
                    2201H     00FFH                  *** GAP ***
            XDATA   2300H     0002H     ABSOLUTE     
                    2302H     0007H                  *** GAP ***
            XDATA   2309H     0001H     ABSOLUTE     
                    230AH     00F6H                  *** GAP ***
            XDATA   2400H     0001H     ABSOLUTE     
            XDATA   2401H     0001H     ABSOLUTE     
            XDATA   2402H     0001H     ABSOLUTE     
                    2403H     0002H                  *** GAP ***
            XDATA   2405H     0007H     ABSOLUTE     
            XDATA   240CH     0001H     ABSOLUTE     
            XDATA   240DH     0001H     ABSOLUTE     
                    240EH     0015H                  *** GAP ***
            XDATA   2423H     0001H     ABSOLUTE     
            XDATA   2424H     0001H     ABSOLUTE     
            XDATA   2425H     0001H     ABSOLUTE     
            XDATA   2426H     0001H     ABSOLUTE     
            XDATA   2427H     0001H     ABSOLUTE     
            XDATA   2428H     0001H     ABSOLUTE     
            XDATA   2429H     0001H     ABSOLUTE     
                    242AH     0002H                  *** GAP ***
            XDATA   242CH     0001H     ABSOLUTE     
            XDATA   242DH     0001H     ABSOLUTE     
                    242EH     0022H                  *** GAP ***
            XDATA   2450H     0006H     ABSOLUTE     
            XDATA   2456H     0001H     ABSOLUTE     
            XDATA   2457H     0001H     ABSOLUTE     
            XDATA   2458H     0001H     ABSOLUTE     
                    2459H     00A7H                  *** GAP ***
            XDATA   2500H     0001H     ABSOLUTE     
            XDATA   2501H     0001H     ABSOLUTE     
            XDATA   2502H     0001H     ABSOLUTE     
            XDATA   2503H     0001H     ABSOLUTE     
            XDATA   2504H     0001H     ABSOLUTE     
                    2505H     00FDH                  *** GAP ***
            XDATA   2602H     0002H     ABSOLUTE     
                    2604H     00FCH                  *** GAP ***
            XDATA   2700H     0001H     ABSOLUTE     
            XDATA   2701H     0001H     ABSOLUTE     
            XDATA   2702H     0001H     ABSOLUTE     
                    2703H     0001H                  *** GAP ***
            XDATA   2704H     0001H     ABSOLUTE     
                    2705H     0001H                  *** GAP ***
            XDATA   2706H     0001H     ABSOLUTE     
            XDATA   2707H     0001H     ABSOLUTE     
            XDATA   2708H     0001H     ABSOLUTE     
            XDATA   2709H     0001H     ABSOLUTE     
            XDATA   270AH     0001H     ABSOLUTE     
            XDATA   270BH     0001H     ABSOLUTE     
            XDATA   270CH     0001H     ABSOLUTE     
                    270DH     0173H                  *** GAP ***
            XDATA   2880H     0001H     ABSOLUTE     
            XDATA   2881H     0002H     ABSOLUTE     
                    2883H     0002H                  *** GAP ***
BL51 BANKED LINKER/LOCATER V6.22                                                      01/05/2018  11:11:16  PAGE 5


            XDATA   2885H     0001H     ABSOLUTE     
                    2886H     0001H                  *** GAP ***
            XDATA   2887H     0001H     ABSOLUTE     
            XDATA   2888H     0001H     ABSOLUTE     
            XDATA   2889H     0001H     ABSOLUTE     
                    288AH     0006H                  *** GAP ***
            XDATA   2890H     0001H     ABSOLUTE     
                    2891H     0001H                  *** GAP ***
            XDATA   2892H     0001H     ABSOLUTE     
            XDATA   2893H     0007H     ABSOLUTE     
                    289AH     0001H                  *** GAP ***
            XDATA   289BH     0003H     ABSOLUTE     
            XDATA   289EH     0001H     ABSOLUTE     
            XDATA   289FH     0001H     ABSOLUTE     
            XDATA   28A0H     0001H     ABSOLUTE     
                    28A1H     000FH                  *** GAP ***
            XDATA   28B0H     0001H     ABSOLUTE     
            XDATA   28B1H     0001H     ABSOLUTE     
            XDATA   28B2H     0001H     ABSOLUTE     
            XDATA   28B3H     0001H     ABSOLUTE     
            XDATA   28B4H     0001H     ABSOLUTE     

            * * * * * * *   C O D E   M E M O R Y   * * * * * * *
            CODE    0000H     0003H     ABSOLUTE     
                    0003H     0008H                  *** GAP ***
            CODE    000BH     0003H     ABSOLUTE     
                    000EH     0015H                  *** GAP ***
            CODE    0023H     0003H     ABSOLUTE     
                    0026H     0025H                  *** GAP ***
            CODE    004BH     0003H     ABSOLUTE     
                    004EH     0005H                  *** GAP ***
            CODE    0053H     0003H     ABSOLUTE     
                    0056H     0015H                  *** GAP ***
            CODE    006BH     0003H     ABSOLUTE     
                    006EH     008DH                  *** GAP ***
            CODE    00FBH     0003H     ABSOLUTE     
            CODE    00FEH     0512H     UNIT         ?CO?CE43A02_DAT
            CODE    0610H     052EH     UNIT         ?PR?SERIAL_BUF_PROCESS?MAIN
            CODE    0B3EH     00BAH     UNIT         ?PR?_I2C_SEQUENTIAL_READ?EEPROM
            CODE    0BF8H     0001H     UNIT         ?PR?NULL_ISR?MAIN
                    0BF9H     0005H                  *** GAP ***
            CODE    0BFEH     0A0EH     UNIT         ?CO?CE43A02_CE
            CODE    160CH     0807H     UNIT         ?C?LIB_CODE
            CODE    1E13H     050CH     UNIT         ?PR?CAL_ENERGY?ENERGY
            CODE    231FH     03BBH     UNIT         ?PR?XFER_PROCESS?ENERGY
            CODE    26DAH     03BAH     UNIT         ?PR?CAL_MODULE?ENERGY
            CODE    2A94H     039FH     UNIT         ?PR?ENERGY
            CODE    2E33H     0306H     UNIT         ?PR?INIT_XFER?ENERGY
            CODE    3139H     019EH     UNIT         ?PR?UART0_INT?MAIN
            CODE    32D7H     018AH     UNIT         ?PR?CONVERT_NCURRENT?ENERGY
            CODE    3461H     0172H     UNIT         ?PR?_CAL_COS?ENERGY
            CODE    35D3H     014CH     UNIT         ?PR?MAIN
            CODE    371FH     0133H     UNIT         ?PR?_?PULSE_ISR?MAIN
            CODE    3852H     0122H     UNIT         ?PR?ATAN?ATAN
            CODE    3974H     0115H     UNIT         ?PR?_LOAD_CALIB_DATA?EEPROM
            CODE    3A89H     00EBH     UNIT         ?PR?_OSEEPROMWRITE?EEPROM
            CODE    3B74H     00E9H     UNIT         ?PR?MAIN?MAIN
BL51 BANKED LINKER/LOCATER V6.22                                                      01/05/2018  11:11:16  PAGE 6


            CODE    3C5DH     00E2H     UNIT         ?PR?EEPROM
            CODE    3D3FH     00BAH     UNIT         ?PR?_SAVEENERGY?ENERGY
            CODE    3DF9H     00ACH     UNIT         ?PR?SQRT?SQRT
            CODE    3EA5H     00A4H     UNIT         ?PR?_I2C_SEQUENTIAL_WRITE?EEPROM
            CODE    3F49H     008FH     UNIT         ?PR?MPU_INIT?MAIN
            CODE    3FD8H     008CH     UNIT         ?C_C51STARTUP
            CODE    4064H     006AH     UNIT         ?PR?_CAL_PHUI?ENERGY
            CODE    40CEH     0057H     UNIT         ?PR?_?READ_ADC_ISR?MAIN
            CODE    4125H     0057H     UNIT         ?PR?_I2C_WRITE_BYTE?EEPROM
            CODE    417CH     004AH     UNIT         ?PR?ACOS?ACOS
            CODE    41C6H     0046H     UNIT         ?PR?_RELAY_CTR?MAIN
            CODE    420CH     0044H     UNIT         ?PR?_XDATA_TABLE?MAIN
            CODE    4250H     0044H     UNIT         ?C?LDIV
            CODE    4294H     0041H     UNIT         ?PR?TIMER0_ISR?MAIN
            CODE    42D5H     0041H     UNIT         ?CO?MAIN
            CODE    4316H     0041H     UNIT         ?PR?EARTH_DEC?ENERGY
            CODE    4357H     003FH     UNIT         ?PR?ACFAILURESAVE?MAIN
            CODE    4396H     003FH     UNIT         ?PR?_I2C_READ_BYTE?EEPROM
            CODE    43D5H     003CH     UNIT         ?PR?SERIAL_PROCESS?MAIN
            CODE    4411H     0038H     UNIT         ?PR?_?XFER_RTC_ISR?MAIN
            CODE    4449H     0029H     UNIT         ?PR?INIT_SERIAL?MAIN
            CODE    4472H     0022H     UNIT         ?PR?_OSEEPROMREAD?EEPROM
            CODE    4494H     001FH     UNIT         ?PR?_DELAY?EEPROM
            CODE    44B3H     001CH     UNIT         ?PR?_MEMCPY_CEX_1?EEPROM
            CODE    44CFH     0012H     UNIT         ?C_INITSEG
            CODE    44E1H     0011H     UNIT         ?PR?I2C_START?EEPROM
            CODE    44F2H     000FH     UNIT         ?PR?I2C_STOP?EEPROM
            CODE    4501H     000EH     UNIT         ?PR?_?BATMODE_IS_BROWNOUT?MAIN
            CODE    450FH     000EH     UNIT         ?PR?EARTH_DEC_INIT?ENERGY
            CODE    451DH     000AH     UNIT         ?CO?ENERGY
            CODE    4527H     0009H     UNIT         ?PR?ENABLEWRITEI2C?EEPROM
            CODE    4530H     0009H     UNIT         ?PR?DISABLEWRITEI2C?EEPROM
            CODE    4539H     0008H     UNIT         ?PR?_LABS?LABS



OVERLAY MAP OF MODULE:   ce43_ex.abs (M654X)


SEGMENT                                     BIT_GROUP          IDATA_GROUP         XDATA_GROUP
  +--> CALLED SEGMENT                    START    LENGTH     START    LENGTH     START    LENGTH
------------------------------------------------------------------------------------------------
?PR?_?PULSE_ISR?MAIN                     -----    -----      -----    -----      -----    -----
  +--> ?PR?MAIN

*** NEW ROOT ***************************************************

?PR?UART0_INT?MAIN                       -----    -----      0012H    0002H      -----    -----
  +--> ?PR?MAIN
  +--> ?PR?INIT_SERIAL?MAIN

?PR?INIT_SERIAL?MAIN                     -----    -----      -----    -----      -----    -----
  +--> ?PR?MAIN

*** NEW ROOT ***************************************************

?C_C51STARTUP                            -----    -----      -----    -----      -----    -----
BL51 BANKED LINKER/LOCATER V6.22                                                      01/05/2018  11:11:16  PAGE 7


  +--> ?PR?MAIN?MAIN
  +--> ?C_INITSEG

?PR?MAIN?MAIN                            -----    -----      -----    -----      -----    -----
  +--> ?PR?MPU_INIT?MAIN
  +--> ?CO?MAIN
  +--> ?PR?_XDATA_TABLE?MAIN
  +--> ?PR?MAIN
  +--> ?PR?INIT_SERIAL?MAIN
  +--> ?PR?_?BATMODE_IS_BROWNOUT?MAIN
  +--> ?CO?CE43A02_DAT
  +--> ?PR?INIT_XFER?ENERGY
  +--> ?PR?EARTH_DEC_INIT?ENERGY
  +--> ?PR?EARTH_DEC?ENERGY
  +--> ?PR?CONVERT_NCURRENT?ENERGY
  +--> ?PR?XFER_PROCESS?ENERGY
  +--> ?PR?_SAVEENERGY?ENERGY
  +--> ?PR?ACFAILURESAVE?MAIN
  +--> ?PR?SERIAL_PROCESS?MAIN

?PR?MPU_INIT?MAIN                        -----    -----      -----    -----      -----    -----
  +--> ?PR?MAIN

?PR?_XDATA_TABLE?MAIN                    -----    -----      -----    -----      07DAH    0004H
  +--> ?PR?MAIN

?PR?INIT_XFER?ENERGY                     0020H.3  0000H.1    -----    -----      07DAH    0003H
  +--> ?PR?_OSEEPROMREAD?EEPROM
  +--> ?PR?ENERGY
  +--> ?PR?_OSEEPROMWRITE?EEPROM
  +--> ?PR?_LOAD_CALIB_DATA?EEPROM

?PR?_OSEEPROMREAD?EEPROM                 0020H.5  0000H.1    -----    -----      07E6H    0009H
  +--> ?PR?_I2C_SEQUENTIAL_READ?EEPROM

?PR?_I2C_SEQUENTIAL_READ?EEPROM          -----    -----      -----    -----      07EFH    000EH
  +--> ?PR?EEPROM
  +--> ?PR?_I2C_WRITE_BYTE?EEPROM
  +--> ?PR?I2C_STOP?EEPROM
  +--> ?PR?_I2C_READ_BYTE?EEPROM
  +--> ?PR?_DELAY?EEPROM

?PR?EEPROM                               -----    -----      -----    -----      -----    -----
  +--> ?PR?_DELAY?EEPROM
  +--> ?PR?I2C_START?EEPROM

?PR?I2C_START?EEPROM                     -----    -----      -----    -----      -----    -----
  +--> ?PR?_DELAY?EEPROM

?PR?_I2C_WRITE_BYTE?EEPROM               -----    -----      -----    -----      -----    -----
  +--> ?PR?_DELAY?EEPROM

?PR?I2C_STOP?EEPROM                      -----    -----      -----    -----      -----    -----
  +--> ?PR?_DELAY?EEPROM
  +--> ?PR?EEPROM

?PR?_I2C_READ_BYTE?EEPROM                -----    -----      -----    -----      -----    -----
BL51 BANKED LINKER/LOCATER V6.22                                                      01/05/2018  11:11:16  PAGE 8


  +--> ?PR?_DELAY?EEPROM

?PR?_OSEEPROMWRITE?EEPROM                0020H.5  0000H.1    -----    -----      07F0H    0010H
  +--> ?PR?EEPROM
  +--> ?PR?_I2C_SEQUENTIAL_WRITE?EEPROM
  +--> ?PR?_DELAY?EEPROM

?PR?_I2C_SEQUENTIAL_WRITE?EEPROM         -----    -----      -----    -----      0800H    000DH
  +--> ?PR?EEPROM
  +--> ?PR?ENABLEWRITEI2C?EEPROM
  +--> ?PR?I2C_START?EEPROM
  +--> ?PR?_I2C_WRITE_BYTE?EEPROM
  +--> ?PR?I2C_STOP?EEPROM
  +--> ?PR?_DELAY?EEPROM
  +--> ?PR?DISABLEWRITEI2C?EEPROM

?PR?ENABLEWRITEI2C?EEPROM                -----    -----      -----    -----      -----    -----
  +--> ?PR?_DELAY?EEPROM

?PR?DISABLEWRITEI2C?EEPROM               -----    -----      -----    -----      -----    -----
  +--> ?PR?_DELAY?EEPROM

?PR?_LOAD_CALIB_DATA?EEPROM              0020H.4  0000H.1    -----    -----      07DDH    0009H
  +--> ?PR?EEPROM
  +--> ?PR?_OSEEPROMREAD?EEPROM
  +--> ?PR?_OSEEPROMWRITE?EEPROM
  +--> ?CO?ENERGY
  +--> ?PR?_MEMCPY_CEX_1?EEPROM

?PR?_MEMCPY_CEX_1?EEPROM                 -----    -----      -----    -----      07EEH    0006H
  +--> ?PR?EEPROM

?PR?EARTH_DEC?ENERGY                     -----    -----      -----    -----      -----    -----
  +--> ?PR?EARTH_DEC_INIT?ENERGY

?PR?CONVERT_NCURRENT?ENERGY              -----    -----      -----    -----      07DAH    0009H
  +--> ?PR?ENERGY
  +--> ?PR?SQRT?SQRT

?PR?SQRT?SQRT                            -----    -----      -----    -----      07FDH    0004H

?PR?XFER_PROCESS?ENERGY                  -----    -----      -----    -----      07DAH    0016H
  +--> ?PR?ENERGY
  +--> ?PR?_LABS?LABS
  +--> ?PR?_CAL_COS?ENERGY
  +--> ?PR?_CAL_PHUI?ENERGY
  +--> ?PR?CAL_ENERGY?ENERGY
  +--> ?PR?_OSEEPROMWRITE?EEPROM
  +--> ?PR?SQRT?SQRT

?PR?_CAL_COS?ENERGY                      -----    -----      -----    -----      07F0H    000DH
  +--> ?PR?ENERGY
  +--> ?PR?SQRT?SQRT

?PR?_CAL_PHUI?ENERGY                     -----    -----      -----    -----      07F0H    000AH
  +--> ?PR?ACOS?ACOS

BL51 BANKED LINKER/LOCATER V6.22                                                      01/05/2018  11:11:16  PAGE 9


?PR?ACOS?ACOS                            -----    -----      -----    -----      -----    -----
  +--> ?PR?SQRT?SQRT
  +--> ?PR?ATAN?ATAN

?PR?ATAN?ATAN                            0020H.3  0000H.2    -----    -----      07FAH    0004H

?PR?CAL_ENERGY?ENERGY                    -----    -----      -----    -----      -----    -----
  +--> ?PR?ENERGY

?PR?_SAVEENERGY?ENERGY                   -----    -----      -----    -----      07DAH    0004H
  +--> ?PR?ENERGY
  +--> ?PR?_OSEEPROMWRITE?EEPROM

?PR?ACFAILURESAVE?MAIN                   -----    -----      -----    -----      -----    -----
  +--> ?PR?MAIN
  +--> ?PR?_SAVEENERGY?ENERGY

?PR?SERIAL_PROCESS?MAIN                  -----    -----      -----    -----      -----    -----
  +--> ?PR?INIT_SERIAL?MAIN
  +--> ?PR?SERIAL_BUF_PROCESS?MAIN
  +--> ?PR?MAIN

?PR?SERIAL_BUF_PROCESS?MAIN              0020H.3  0000H.1    -----    -----      07DAH    0014H
  +--> ?PR?MAIN
  +--> ?CO?ENERGY
  +--> ?PR?_MEMCPY_CEX_1?EEPROM
  +--> ?PR?_RELAY_CTR?MAIN
  +--> ?PR?_OSEEPROMWRITE?EEPROM

?PR?_RELAY_CTR?MAIN                      -----    -----      -----    -----      -----    -----
  +--> ?PR?MAIN



SYMBOL TABLE OF MODULE:  ce43_ex.abs (M654X)

  VALUE           TYPE          NAME
  ----------------------------------

  -------         MODULE        M654X
  C:0000H         SYMBOL        _ICE_DUMMY_
  X:0214H         PUBLIC        w0sum
  X:0264H         PUBLIC        idsqres
  X:0218H         PUBLIC        w1sum
  X:021CH         PUBLIC        w2sum
  X:0124H         PUBLIC        apulser
  X:0000H         PUBLIC        iadc67
  X:2503H         PUBLIC        TMUX2
  X:2501H         PUBLIC        FOVRD
  X:289EH         PUBLIC        RTC_TMIN
  X:2888H         PUBLIC        LKPDATA
  X:2400H         PUBLIC        LCD0
  X:2887H         PUBLIC        LKPADDR
  X:2401H         PUBLIC        LCD1
  X:0114H         PUBLIC        apulsew
  X:2402H         PUBLIC        LCD2
  X:240CH         PUBLIC        LCD4
BL51 BANKED LINKER/LOCATER V6.22                                                      01/05/2018  11:11:16  PAGE 10


  X:023CH         PUBLIC        idsqsum
  X:2881H         PUBLIC        STEMP
  X:2709H         PUBLIC        RCE0
  X:006CH         PUBLIC        ce_ppmc1
  X:2456H         PUBLIC        DIO0
  D:00A8H         PUBLIC        IEN0
  X:0070H         PUBLIC        ce_ppmc2
  X:2457H         PUBLIC        DIO1
  D:00B8H         PUBLIC        IEN1
  X:2458H         PUBLIC        DIO2
  X:2450H         PUBLIC        DIO_R
  X:270CH         PUBLIC        DIO3
  X:2309H         PUBLIC        TRIMT
  X:2405H         PUBLIC        LCD_MAP
  X:28B4H         PUBLIC        WDRST
  X:024CH         PUBLIC        vdsqsum
  X:0048H         PUBLIC        phadj_0
  X:289BH         PUBLIC        RTC_PNQREG
  X:2890H         PUBLIC        RTC0
  X:0054H         PUBLIC        phadj_1
  X:0060H         PUBLIC        phadj_2
  X:2892H         PUBLIC        RTC2
  X:2708H         PUBLIC        SPI0
  X:012CH         PUBLIC        rpulse_frac
  X:2889H         PUBLIC        LKPCTRL
  X:008CH         PUBLIC        sumpre
  X:2707H         PUBLIC        INTBITS
  X:0220H         PUBLIC        varsum
  X:270AH         PUBLIC        RTMUX
  X:2500H         PUBLIC        SPARENV
  X:011CH         PUBLIC        wpulse_frac
  X:2200H         PUBLIC        CKGN
  X:210DH         PUBLIC        RTM0
  X:270BH         PUBLIC        INFO_PG
  X:0084H         PUBLIC        wrate
  X:2880H         PUBLIC        WAKE
  X:2706H         PUBLIC        VERSION
  X:0040H         PUBLIC        cal_i0
  X:004CH         PUBLIC        cal_i1
  X:0058H         PUBLIC        cal_i2
  X:28B2H         PUBLIC        MISC
  X:0064H         PUBLIC        cal_i3
  X:0208H         PUBLIC        freq
  X:0100H         PUBLIC        gain_adj
  X:2300H         PUBLIC        CHIPID
  D:0088H         PUBLIC        TCON
  X:0088H         PUBLIC        kvar
  X:28A0H         PUBLIC        TEMP
  X:0044H         PUBLIC        cal_v0
  X:210CH         PUBLIC        CE0
  X:00A0H         PUBLIC        quant_vara
  X:0050H         PUBLIC        cal_v1
  X:289FH         PUBLIC        RTC_THR
  X:210BH         PUBLIC        CE1
  X:0130H         PUBLIC        vsum_accum
  X:00B0H         PUBLIC        quant_varb
  X:005CH         PUBLIC        cal_v2
BL51 BANKED LINKER/LOCATER V6.22                                                      01/05/2018  11:11:16  PAGE 11


  X:210AH         PUBLIC        CE2
  X:0120H         PUBLIC        wsum_accum
  X:00C0H         PUBLIC        quant_varc
  X:2109H         PUBLIC        CE3
  X:2108H         PUBLIC        CE4
  X:0068H         PUBLIC        degscale
  X:2107H         PUBLIC        CE5
  X:2106H         PUBLIC        CE6
  X:020CH         PUBLIC        mainedge
  X:2424H         PUBLIC        DIO20
  X:2425H         PUBLIC        DIO21
  X:2426H         PUBLIC        DIO22
  X:2427H         PUBLIC        DIO23
  X:2885H         PUBLIC        BSENSE
  X:2700H         PUBLIC        INT1_E
  X:0080H         PUBLIC        ceconfig
  X:2428H         PUBLIC        DIO24
  X:2701H         PUBLIC        INT2_E
  X:2429H         PUBLIC        DIO25
  X:242CH         PUBLIC        DIO28
  X:2423H         PUBLIC        DIO19
  D:00E0H         PUBLIC        ACC
  X:242DH         PUBLIC        DIO29
  X:2702H         PUBLIC        SECURE
  X:0128H         PUBLIC        rpulse_ctr
  X:0258H         PUBLIC        i0sqres
  D:00E8H         PUBLIC        FLAG0
  X:025CH         PUBLIC        i1sqres
  D:00F8H         PUBLIC        FLAG1
  X:0260H         PUBLIC        i2sqres
  X:0210H         PUBLIC        wsum
  X:28B3H         PUBLIC        WAKE_E
  X:28B0H         PUBLIC        WF1
  X:2602H         PUBLIC        REMOTE
  X:0118H         PUBLIC        wpulse_ctr
  X:28B1H         PUBLIC        WF2
  X:2502H         PUBLIC        TMUX
  X:0224H         PUBLIC        var0sum
  X:0228H         PUBLIC        var1sum
  X:022CH         PUBLIC        var2sum
  X:0230H         PUBLIC        i0sqsum
  X:0234H         PUBLIC        i1sqsum
  X:0098H         PUBLIC        quant_ia
  X:0238H         PUBLIC        i2sqsum
  X:00A8H         PUBLIC        quant_ib
  X:00B8H         PUBLIC        quant_ic
  X:00C4H         PUBLIC        quant_id
  X:2504H         PUBLIC        RTCA_ADJ
  X:0250H         PUBLIC        ph_atob
  X:0204H         PUBLIC        temp_ce
  X:0254H         PUBLIC        ph_atoc
  X:0240H         PUBLIC        v0sqsum
  X:0244H         PUBLIC        v1sqsum
  X:0094H         PUBLIC        quant_va
  X:2704H         PUBLIC        ANALOG0
  D:0098H         PUBLIC        S0CON
  X:0248H         PUBLIC        v2sqsum
BL51 BANKED LINKER/LOCATER V6.22                                                      01/05/2018  11:11:16  PAGE 12


  X:00A4H         PUBLIC        quant_vb
  X:00B4H         PUBLIC        quant_vc
  D:00C8H         PUBLIC        T2CON
  X:2893H         PUBLIC        RTC
  X:0090H         PUBLIC        sag_thr
  X:009CH         PUBLIC        quant_a
  X:00ACH         PUBLIC        quant_b
  X:00BCH         PUBLIC        quant_c
  X:0200H         PUBLIC        cestatus
  X:210FH         PUBLIC        RTM
  D:0080H         PUBLIC        PORT0
  D:0090H         PUBLIC        PORT1
  D:00A0H         PUBLIC        PORT2
  D:00B0H         PUBLIC        PORT3
  X:2100H         PUBLIC        MUX
  D:00D0H         PUBLIC        PSW
  X:240DH         PUBLIC        LCD_DAC
  D:00C0H         PUBLIC        IRCON
  D:00D8H         PUBLIC        WDCON
  -------         ENDMOD        M654X

  -------         MODULE        MAIN
  C:0000H         SYMBOL        _ICE_DUMMY_
  C:420CH         PUBLIC        _xdata_table
  B:0020H.0       PUBLIC        Is_Rx_Ok
  C:4357H         PUBLIC        ACfailureSave
  C:4294H         PUBLIC        timer0_isr
  C:4501H         PUBLIC        _?batmode_is_brownout
  X:07A2H         PUBLIC        zc_cnt
  B:00A8H.7       PUBLIC        EA
  C:41C6H         PUBLIC        _Relay_Ctr
  X:07A6H         PUBLIC        ReceFrameStar
  D:00A8H         PUBLIC        IEN0
  D:0085H         PUBLIC        DPH1
  D:00B8H         PUBLIC        IEN1
  D:009AH         PUBLIC        IEN2
  D:0084H         PUBLIC        DPL1
  C:4411H         PUBLIC        _?xfer_rtc_isr
  X:07A7H         PUBLIC        ReceDelayCnt
  B:0098H.0       PUBLIC        RI
  C:3139H         PUBLIC        uart0_int
  B:0098H.1       PUBLIC        TI
  B:0020H.1       PUBLIC        xfer_update
  B:00A0H.6       PUBLIC        DIR_10
  B:00E8H.0       PUBLIC        IE_XFER
  C:3B74H         PUBLIC        main
  C:0610H         PUBLIC        Serial_Buf_Process
  C:43D5H         PUBLIC        Serial_Process
  B:0020H.2       PUBLIC        Is_Txing
  B:00E8H.4       PUBLIC        IE_RTCT
  X:07A8H         PUBLIC        ReceDelayOut
  D:00BAH         PUBLIC        S0RELH
  D:0087H         PUBLIC        PCON
  D:0010H         PUBLIC        power_fail_timer
  D:00AAH         PUBLIC        S0RELL
  D:0089H         PUBLIC        TMOD
  D:0088H         PUBLIC        TCON
BL51 BANKED LINKER/LOCATER V6.22                                                      01/05/2018  11:11:16  PAGE 13


  D:00BFH         PUBLIC        ADRMSB
  D:00F9H         PUBLIC        STAT
  D:00F0H         PUBLIC        B
  X:07A9H         PUBLIC        SerialBuffer
  D:00E0H         PUBLIC        ACC
  B:00A8H.4       PUBLIC        ES0
  D:00A9H         PUBLIC        IP0
  D:00B9H         PUBLIC        IP1
  D:00E8H         PUBLIC        FLAG0
  D:00F8H         PUBLIC        FLAG1
  D:008CH         PUBLIC        TH0
  B:00F8H.5       PUBLIC        IE_VPULSE
  D:008AH         PUBLIC        TL0
  B:00F8H.6       PUBLIC        IE_WPULSE
  B:00E8H.6       PUBLIC        IE_XPULSE
  B:00E8H.5       PUBLIC        IE_YPULSE
  B:0088H.4       PUBLIC        TR0
  C:40CEH         PUBLIC        _?read_adc_isr
  C:4449H         PUBLIC        Init_Serial
  X:07CDH         PUBLIC        p_rx_buf
  C:371FH         PUBLIC        _?pulse_isr
  X:07D0H         PUBLIC        p_tx_buf
  D:0083H         PUBLIC        DPH
  B:00E8H.1       PUBLIC        IE_RTC1S
  D:0082H         PUBLIC        DPL
  D:0099H         PUBLIC        S0BUF
  X:07D3H         PUBLIC        sag_cnt
  D:0098H         PUBLIC        S0CON
  C:42D5H         PUBLIC        io_ram_table
  D:0092H         PUBLIC        DPS
  D:00C8H         PUBLIC        T2CON
  C:3F49H         PUBLIC        mpu_init
  C:0BF8H         SYMBOL        null_isr
  D:008EH         PUBLIC        CKCON
  B:0090H.0       PUBLIC        DIO_4
  X:07D7H         PUBLIC        NetAddress
  B:0090H.4       PUBLIC        DIR_4
  B:0090H.5       PUBLIC        DIR_5
  B:00A0H.1       PUBLIC        DIO_9
  D:0080H         PUBLIC        PORT0
  X:07D8H         PUBLIC        rx_count
  D:0090H         PUBLIC        PORT1
  B:00A0H.5       PUBLIC        DIR_9
  D:00A0H         PUBLIC        PORT2
  X:07D9H         PUBLIC        tx_count
  D:00B0H         PUBLIC        PORT3
  D:00D0H         PUBLIC        PSW
  D:00C0H         PUBLIC        IRCON
  D:00D8H         PUBLIC        WDCON
  C:35D3H         SYMBOL        Com00D2
  C:35D3H         SYMBOL        L?0211
  C:35D3H         SYMBOL        L?0212
  C:35D5H         SYMBOL        L?0213
  C:35DAH         SYMBOL        L?0214
  C:35DDH         SYMBOL        L?0215
  C:35EBH         SYMBOL        L?0216
  C:35FDH         SYMBOL        L?0217
BL51 BANKED LINKER/LOCATER V6.22                                                      01/05/2018  11:11:16  PAGE 14


  C:3600H         SYMBOL        L?0218
  C:360DH         SYMBOL        L?0219
  C:360DH         SYMBOL        L?0220
  C:3617H         SYMBOL        L?0221
  C:3617H         SYMBOL        L?0222
  C:3620H         SYMBOL        L?0223
  C:362EH         SYMBOL        L?0224
  C:362FH         SYMBOL        L?0225
  C:363BH         SYMBOL        L?0226
  C:363BH         SYMBOL        L?0227
  C:3642H         SYMBOL        L?0228
  C:364AH         SYMBOL        L?0229
  C:364BH         SYMBOL        L?0230
  C:3653H         SYMBOL        L?0231
  C:3657H         SYMBOL        L?0232
  C:3661H         SYMBOL        L?0233
  C:3665H         SYMBOL        L?0234
  C:366FH         SYMBOL        L?0235
  C:366FH         SYMBOL        L?0236
  C:3675H         SYMBOL        L?0237
  C:367BH         SYMBOL        L?0238
  C:3681H         SYMBOL        L?0239
  C:3688H         SYMBOL        L?0240
  C:3688H         SYMBOL        L?0241
  C:368FH         SYMBOL        L?0242
  C:368FH         SYMBOL        L?0243
  C:369BH         SYMBOL        L?0244
  C:369BH         SYMBOL        L?0245
  C:36A4H         SYMBOL        L?0246
  C:36A4H         SYMBOL        L?0247
  C:36AAH         SYMBOL        L?0248
  C:36AEH         SYMBOL        L?0249
  C:36B6H         SYMBOL        L?0250
  C:36B7H         SYMBOL        L?0251
  C:36C0H         SYMBOL        L?0252
  C:36C5H         SYMBOL        L?0253
  C:36CCH         SYMBOL        L?0255
  C:36CEH         SYMBOL        L?0256
  C:36D6H         SYMBOL        L?0257
  C:36D7H         SYMBOL        L?0258
  C:36DEH         SYMBOL        L?0259
  C:36E0H         SYMBOL        L?0260
  C:36E8H         SYMBOL        L?0261
  C:36EAH         SYMBOL        L?0262
  C:36F1H         SYMBOL        L?0263
  C:36FDH         SYMBOL        L?0264
  C:36FDH         SYMBOL        L?0265
  C:3704H         SYMBOL        L?0266
  C:3704H         SYMBOL        L?0267
  C:370BH         SYMBOL        L?0268
  C:3715H         SYMBOL        L?0269
  -------         PROC          COM00D2
  -------         ENDPROC       COM00D2
  -------         PROC          MPU_INIT
  C:3F49H         LINE#         202
  C:3F49H         LINE#         203
  C:3F49H         LINE#         204
BL51 BANKED LINKER/LOCATER V6.22                                                      01/05/2018  11:11:16  PAGE 15


  C:3F4CH         LINE#         207
  C:3F4FH         LINE#         208
  C:3F52H         LINE#         209
  C:3F54H         LINE#         210
  C:3F56H         LINE#         211
  C:3F58H         LINE#         212
  C:3F5AH         LINE#         213
  C:3F5CH         LINE#         216
  C:3F5EH         LINE#         217
  C:3F60H         LINE#         218
  C:3F62H         LINE#         221
  C:3F64H         LINE#         224
  C:3F67H         LINE#         225
  C:3F6AH         LINE#         236
  C:3F71H         LINE#         237
  C:3F78H         LINE#         238
  C:3F7FH         LINE#         239
  C:3F86H         LINE#         253
  C:3F89H         LINE#         254
  C:3F8CH         LINE#         255
  C:3F8FH         LINE#         256
  C:3F92H         LINE#         258
  C:3F95H         LINE#         259
  C:3F97H         LINE#         260
  C:3F97H         LINE#         261
  C:3F99H         LINE#         265
  C:3F9CH         LINE#         266
  C:3F9EH         LINE#         269
  C:3FA1H         LINE#         270
  C:3FA4H         LINE#         272
  C:3FA7H         LINE#         274
  C:3FA9H         LINE#         277
  C:3FACH         LINE#         279
  C:3FAEH         LINE#         280
  C:3FB1H         LINE#         281
  C:3FB4H         LINE#         284
  C:3FB6H         LINE#         285
  C:3FB8H         LINE#         288
  C:3FBAH         LINE#         289
  C:3FBCH         LINE#         290
  C:3FBEH         LINE#         291
  C:3FC0H         LINE#         293
  C:3FC2H         LINE#         294
  C:3FC4H         LINE#         296
  C:3FC8H         LINE#         297
  C:3FCCH         LINE#         298
  C:3FD4H         LINE#         299
  C:3FD7H         LINE#         300
  -------         ENDPROC       MPU_INIT
  -------         PROC          MAIN
  C:3B74H         LINE#         302
  C:3B74H         LINE#         303
  C:3B74H         LINE#         305
  C:3B74H         LINE#         306
  C:3B74H         LINE#         308
  C:3B76H         LINE#         310
  C:3B7DH         LINE#         311
BL51 BANKED LINKER/LOCATER V6.22                                                      01/05/2018  11:11:16  PAGE 16


  C:3B7DH         LINE#         313
  C:3B83H         LINE#         314
  C:3B87H         LINE#         315
  C:3B87H         LINE#         318
  C:3B8AH         LINE#         323
  C:3B91H         LINE#         328
  C:3B94H         LINE#         329
  C:3B97H         LINE#         330
  C:3B9FH         LINE#         331
  C:3B9FH         LINE#         332
  C:3BA2H         LINE#         334
  C:3BA4H         LINE#         338
  C:3BA7H         LINE#         340
  C:3BA8H         LINE#         342
  C:3BCAH         LINE#         343
  C:3BCDH         LINE#         344
  C:3BD0H         LINE#         351
  C:3BECH         LINE#         352
  C:3BF6H         LINE#         353
  C:3C00H         LINE#         355
  C:3C0AH         LINE#         356
  C:3C14H         LINE#         366
  C:3C17H         LINE#         367
  C:3C1AH         LINE#         369
  C:3C1DH         LINE#         371
  C:3C24H         LINE#         372
  C:3C29H         LINE#         373
  C:3C29H         LINE#         374
  C:3C2CH         LINE#         375
  C:3C2FH         LINE#         376
  C:3C32H         LINE#         377
  C:3C35H         LINE#         378
  C:3C35H         LINE#         379
  C:3C38H         LINE#         380
  C:3C3AH         LINE#         381
  C:3C3DH         LINE#         382
  C:3C48H         LINE#         383
  C:3C48H         LINE#         384
  C:3C4BH         LINE#         385
  C:3C4EH         LINE#         387
  C:3C50H         LINE#         388
  C:3C50H         LINE#         392
  C:3C58H         LINE#         393
  C:3C58H         LINE#         394
  C:3C5BH         LINE#         395
  -------         ENDPROC       MAIN
  -------         PROC          _XDATA_TABLE
  X:07DAH         SYMBOL        c_ptr
  -------         DO            
  D:0006H         SYMBOL        cnt
  X:07DCH         SYMBOL        x_ptr
  -------         ENDDO         
  C:420CH         LINE#         400
  C:4214H         LINE#         401
  C:4214H         LINE#         405
  C:4214H         LINE#         408
  C:4214H         LINE#         409
BL51 BANKED LINKER/LOCATER V6.22                                                      01/05/2018  11:11:16  PAGE 17


  C:421EH         LINE#         410
  C:4221H         LINE#         411
  C:4229H         LINE#         414
  C:4229H         LINE#         415
  C:4233H         LINE#         418
  C:423AH         LINE#         419
  C:423AH         LINE#         420
  C:4248H         LINE#         421
  C:424FH         LINE#         422
  C:424FH         LINE#         423
  C:424FH         LINE#         424
  -------         ENDPROC       _XDATA_TABLE
  -------         PROC          _?BATMODE_IS_BROWNOUT
  C:4501H         LINE#         429
  C:4501H         LINE#         431
  C:450EH         LINE#         432
  -------         ENDPROC       _?BATMODE_IS_BROWNOUT
  -------         PROC          _?XFER_RTC_ISR
  C:4411H         LINE#         438
  C:4417H         LINE#         442
  C:441AH         LINE#         443
  C:441AH         LINE#         444
  C:441DH         LINE#         445
  C:441DH         LINE#         449
  C:4420H         LINE#         450
  C:4420H         LINE#         451
  C:4423H         LINE#         452
  C:4423H         LINE#         454
  C:4426H         LINE#         455
  C:4426H         LINE#         456
  C:4429H         LINE#         460
  C:442DH         LINE#         461
  C:442DH         LINE#         462
  C:442FH         LINE#         463
  C:4431H         LINE#         464
  C:4434H         LINE#         465
  C:4434H         LINE#         466
  C:443BH         LINE#         467
  C:4442H         LINE#         468
  C:4442H         LINE#         469
  C:4442H         LINE#         470
  -------         ENDPROC       _?XFER_RTC_ISR
  -------         PROC          _?PULSE_ISR
  -------         DO            
  i:0000H         SYMBOL        ce_status_tmp
  i:0004H         SYMBOL        fs
  -------         ENDDO         
  C:371FH         LINE#         486
  C:3732H         LINE#         488
  C:3738H         LINE#         489
  C:3738H         LINE#         490
  C:3742H         LINE#         491
  C:3749H         LINE#         493
  C:374CH         LINE#         498
  C:375DH         LINE#         499
  C:375DH         LINE#         505
  C:3761H         LINE#         506
BL51 BANKED LINKER/LOCATER V6.22                                                      01/05/2018  11:11:16  PAGE 18


  C:3761H         LINE#         508
  C:3774H         LINE#         509
  C:3774H         LINE#         510
  C:3777H         LINE#         512
  C:3781H         LINE#         513
  C:378BH         LINE#         518
  C:3792H         LINE#         519
  C:3795H         LINE#         521
  C:379CH         LINE#         524
  C:37A6H         LINE#         525
  C:37A6H         LINE#         526
  C:37ADH         LINE#         527
  C:37AFH         LINE#         528
  C:37B9H         LINE#         529
  C:37B9H         LINE#         530
  C:37C0H         LINE#         531
  C:37C2H         LINE#         533
  C:37C2H         LINE#         534
  C:37C9H         LINE#         535
  C:37C9H         LINE#         536
  C:37FCH         LINE#         537
  C:37FCH         LINE#         538
  C:37FCH         LINE#         540
  C:37FFH         LINE#         541
  C:37FFH         LINE#         542
  C:3802H         LINE#         550
  C:3809H         LINE#         551
  C:3809H         LINE#         553
  C:381EH         LINE#         554
  C:3824H         LINE#         555
  C:3827H         LINE#         556
  C:3827H         LINE#         557
  C:3827H         LINE#         559
  C:382AH         LINE#         560
  C:382AH         LINE#         563
  C:382DH         LINE#         564
  C:3834H         LINE#         565
  C:3834H         LINE#         567
  C:3837H         LINE#         568
  C:3837H         LINE#         571
  C:383AH         LINE#         572
  C:3841H         LINE#         573
  C:3841H         LINE#         574
  -------         ENDPROC       _?PULSE_ISR
  -------         PROC          _?READ_ADC_ISR
  C:40CEH         LINE#         577
  C:40E7H         LINE#         579
  C:40F1H         LINE#         580
  C:40F1H         LINE#         582
  C:40F1H         LINE#         584
  C:40F1H         LINE#         585
  C:4108H         LINE#         586
  C:410EH         LINE#         587
  C:410EH         LINE#         588
  -------         ENDPROC       _?READ_ADC_ISR
  -------         PROC          NULL_ISR
  C:0BF8H         LINE#         593
BL51 BANKED LINKER/LOCATER V6.22                                                      01/05/2018  11:11:16  PAGE 19


  C:0BF8H         LINE#         595
  -------         ENDPROC       NULL_ISR
  -------         PROC          INIT_SERIAL
  C:4449H         LINE#         599
  C:4449H         LINE#         600
  C:4449H         LINE#         602
  C:444BH         LINE#         603
  C:444DH         LINE#         604
  C:4450H         LINE#         606
  C:4452H         LINE#         607
  C:4454H         LINE#         608
  C:4460H         LINE#         609
  C:4465H         LINE#         610
  C:4466H         LINE#         611
  C:4466H         LINE#         612
  C:4469H         LINE#         613
  C:446CH         LINE#         614
  C:4471H         LINE#         615
  -------         ENDPROC       INIT_SERIAL
  -------         PROC          SERIAL_PROCESS
  C:43D5H         LINE#         618
  C:43D5H         LINE#         619
  C:43D5H         LINE#         620
  C:43DCH         LINE#         621
  C:43DFH         LINE#         622
  C:43E2H         LINE#         623
  C:43E2H         LINE#         624
  C:43E5H         LINE#         625
  C:43E5H         LINE#         626
  C:43EAH         LINE#         627
  C:43EAH         LINE#         628
  C:43EDH         LINE#         629
  C:43F7H         LINE#         630
  C:4403H         LINE#         631
  C:4406H         LINE#         632
  C:4409H         LINE#         633
  C:440CH         LINE#         634
  C:440DH         LINE#         639
  C:440DH         LINE#         640
  C:4410H         LINE#         641
  C:4410H         LINE#         642
  C:4410H         LINE#         647
  C:4410H         LINE#         649
  C:4410H         LINE#         651
  C:4410H         LINE#         655
  C:4410H         LINE#         656
  C:4410H         LINE#         658
  -------         ENDPROC       SERIAL_PROCESS
  C:0B2FH         SYMBOL        L?0254
  -------         PROC          SERIAL_BUF_PROCESS
  -------         DO            
  D:0007H         SYMBOL        checksum
  X:07DAH         SYMBOL        loop
  B:0020H.3       SYMBOL        comtaskadd
  X:07DBH         SYMBOL        p
  X:07DEH         SYMBOL        temp1
  X:07E2H         SYMBOL        i
BL51 BANKED LINKER/LOCATER V6.22                                                      01/05/2018  11:11:16  PAGE 20


  X:07E3H         SYMBOL        para_num
  D:0004H         SYMBOL        dadr
  X:07E4H         SYMBOL        sdata
  -------         DO            
  X:07E8H         SYMBOL        dadr
  X:07EAH         SYMBOL        sdata
  X:07E8H         SYMBOL        relay_num
  X:07E9H         SYMBOL        ctr_cmd
  -------         ENDDO         
  -------         DO            
  X:07E8H         SYMBOL        relay_num
  X:07E9H         SYMBOL        ctr_cmd
  -------         ENDDO         
  -------         ENDDO         
  C:0610H         LINE#         659
  C:0610H         LINE#         660
  C:0610H         LINE#         674
  C:0612H         LINE#         675
  C:0615H         LINE#         676
  C:062EH         LINE#         677
  C:062EH         LINE#         678
  C:063AH         LINE#         679
  C:0672H         LINE#         680
  C:0672H         LINE#         681
  C:0672H         LINE#         682
  C:0672H         LINE#         684
  C:0681H         LINE#         685
  C:0681H         LINE#         686
  C:068BH         LINE#         687
  C:0697H         LINE#         688
  C:069CH         LINE#         696
  C:069EH         LINE#         698
  C:06A1H         LINE#         700
  C:06A1H         LINE#         701
  C:06A1H         LINE#         702
  C:06A1H         LINE#         704
  C:06ABH         LINE#         705
  C:06ABH         LINE#         706
  C:06B6H         LINE#         707
  C:06C3H         LINE#         708
  C:06CEH         LINE#         709
  C:06D9H         LINE#         710
  C:06DFH         LINE#         711
  C:06E1H         LINE#         712
  C:06E4H         LINE#         713
  C:06E4H         LINE#         714
  C:06E4H         LINE#         715
  C:06E4H         LINE#         716
  C:06EDH         LINE#         717
  C:06F3H         LINE#         718
  C:06FEH         LINE#         719
  C:0701H         LINE#         720
  C:0701H         LINE#         721
  C:0704H         LINE#         722
  C:0704H         LINE#         724
  C:0704H         LINE#         725
  C:0704H         LINE#         727
BL51 BANKED LINKER/LOCATER V6.22                                                      01/05/2018  11:11:16  PAGE 21


  C:070EH         LINE#         728
  C:070EH         LINE#         735
  C:0725H         LINE#         737
  C:072BH         LINE#         738
  C:0731H         LINE#         739
  C:0739H         LINE#         740
  C:0741H         LINE#         743
  C:0747H         LINE#         753
  C:0749H         LINE#         754
  C:074CH         LINE#         755
  C:074CH         LINE#         756
  C:074CH         LINE#         757
  C:074CH         LINE#         758
  C:0756H         LINE#         759
  C:0756H         LINE#         760
  C:0760H         LINE#         761
  C:076DH         LINE#         762
  C:077BH         LINE#         763
  C:0789H         LINE#         764
  C:078FH         LINE#         766
  C:0791H         LINE#         767
  C:0794H         LINE#         768
  C:0794H         LINE#         770
  C:0794H         LINE#         771
  C:0794H         LINE#         772
  C:079EH         LINE#         773
  C:079EH         LINE#         774
  C:07A8H         LINE#         775
  C:07B5H         LINE#         776
  C:07C3H         LINE#         777
  C:07D1H         LINE#         778
  C:07D7H         LINE#         780
  C:07D9H         LINE#         781
  C:07DCH         LINE#         782
  C:07DCH         LINE#         783
  C:07DCH         LINE#         784
  C:07DCH         LINE#         788
  C:07EBH         LINE#         789
  C:07F5H         LINE#         791
  C:0804H         LINE#         792
  C:081BH         LINE#         794
  C:081DH         LINE#         795
  C:0837H         LINE#         796
  C:0839H         LINE#         797
  C:084CH         LINE#         798
  C:0852H         LINE#         800
  C:085AH         LINE#         801
  C:085CH         LINE#         802
  C:085FH         LINE#         803
  C:085FH         LINE#         804
  C:085FH         LINE#         805
  C:085FH         LINE#         806
  C:086BH         LINE#         807
  C:086BH         LINE#         808
  C:086BH         LINE#         809
  C:0870H         LINE#         810
  C:0875H         LINE#         811
BL51 BANKED LINKER/LOCATER V6.22                                                      01/05/2018  11:11:16  PAGE 22


  C:0882H         LINE#         812
  C:0882H         LINE#         813
  C:0882H         LINE#         814
  C:0886H         LINE#         815
  C:088BH         LINE#         816
  C:0891H         LINE#         817
  C:0894H         LINE#         818
  C:0896H         LINE#         819
  C:08A4H         LINE#         820
  C:08A4H         LINE#         822
  C:08B8H         LINE#         823
  C:08C4H         LINE#         824
  C:08DEH         LINE#         825
  C:08E3H         LINE#         826
  C:08E5H         LINE#         827
  C:08E5H         LINE#         829
  C:08E5H         LINE#         830
  C:08E8H         LINE#         831
  C:08E8H         LINE#         832
  C:08E8H         LINE#         833
  C:08E8H         LINE#         834
  C:08F4H         LINE#         835
  C:08F4H         LINE#         836
  C:08FFH         LINE#         837
  C:0904H         LINE#         838
  C:0906H         LINE#         839
  C:0909H         LINE#         840
  C:0909H         LINE#         841
  C:0909H         LINE#         842
  C:0909H         LINE#         843
  C:090EH         LINE#         844
  C:090EH         LINE#         845
  C:091DH         LINE#         846
  C:0928H         LINE#         847
  C:093BH         LINE#         848
  C:0950H         LINE#         849
  C:0963H         LINE#         850
  C:0978H         LINE#         851
  C:0980H         LINE#         853
  C:0982H         LINE#         855
  C:0982H         LINE#         857
  C:0982H         LINE#         858
  C:0985H         LINE#         859
  C:0985H         LINE#         860
  C:0985H         LINE#         861
  C:0985H         LINE#         862
  C:098AH         LINE#         863
  C:098AH         LINE#         864
  C:098AH         LINE#         865
  C:098DH         LINE#         866
  C:098DH         LINE#         867
  C:098DH         LINE#         868
  C:0995H         LINE#         869
  C:0997H         LINE#         870
  C:099CH         LINE#         871
  C:099CH         LINE#         872
  C:099FH         LINE#         873
BL51 BANKED LINKER/LOCATER V6.22                                                      01/05/2018  11:11:16  PAGE 23


  C:099FH         LINE#         874
  C:099FH         LINE#         875
  C:099FH         LINE#         876
  C:09A7H         LINE#         877
  C:09A7H         LINE#         878
  C:09A7H         LINE#         879
  C:09A7H         LINE#         880
  C:09B0H         LINE#         881
  C:09B0H         LINE#         882
  C:09B0H         LINE#         883
  C:09B3H         LINE#         884
  C:09B3H         LINE#         885
  C:09B3H         LINE#         886
  C:09BCH         LINE#         887
  C:09C2H         LINE#         888
  C:09CDH         LINE#         889
  C:09DCH         LINE#         890
  C:09DCH         LINE#         891
  C:09DCH         LINE#         892
  C:09DFH         LINE#         893
  C:09DFH         LINE#         894
  C:09E1H         LINE#         895
  C:09E1H         LINE#         896
  C:09E1H         LINE#         897
  C:09E4H         LINE#         898
  C:09E4H         LINE#         899
  C:09E4H         LINE#         900
  C:09E4H         LINE#         901
  C:09EFH         LINE#         902
  C:09EFH         LINE#         903
  C:09EFH         LINE#         904
  C:09EFH         LINE#         905
  C:09F8H         LINE#         906
  C:0A0DH         LINE#         907
  C:0A0DH         LINE#         908
  C:0A15H         LINE#         909
  C:0A28H         LINE#         910
  C:0A2EH         LINE#         912
  C:0A36H         LINE#         913
  C:0A38H         LINE#         914
  C:0A3BH         LINE#         916
  C:0A3BH         LINE#         917
  C:0A3FH         LINE#         918
  C:0A3FH         LINE#         919
  C:0A3FH         LINE#         920
  C:0A3FH         LINE#         921
  C:0A42H         LINE#         922
  C:0A42H         LINE#         923
  C:0A42H         LINE#         924
  C:0A4DH         LINE#         925
  C:0A64H         LINE#         926
  C:0A64H         LINE#         927
  C:0A6DH         LINE#         928
  C:0A72H         LINE#         929
  C:0A72H         LINE#         930
  C:0A74H         LINE#         932
  C:0A74H         LINE#         933
BL51 BANKED LINKER/LOCATER V6.22                                                      01/05/2018  11:11:16  PAGE 24


  C:0A7EH         LINE#         934
  C:0A82H         LINE#         935
  C:0A82H         LINE#         936
  C:0A82H         LINE#         937
  C:0A82H         LINE#         938
  C:0A84H         LINE#         939
  C:0A84H         LINE#         940
  C:0A86H         LINE#         941
  C:0A86H         LINE#         942
  C:0A86H         LINE#         943
  C:0A88H         LINE#         944
  C:0A88H         LINE#         945
  C:0A88H         LINE#         948
  C:0A91H         LINE#         949
  C:0A99H         LINE#         950
  C:0AB4H         LINE#         951
  C:0AB4H         LINE#         952
  C:0ABCH         LINE#         953
  C:0AC1H         LINE#         954
  C:0AC1H         LINE#         955
  C:0AC3H         LINE#         957
  C:0AC3H         LINE#         958
  C:0ACAH         LINE#         959
  C:0ACCH         LINE#         960
  C:0ACCH         LINE#         961
  C:0ACCH         LINE#         962
  C:0ACCH         LINE#         963
  C:0ACCH         LINE#         964
  C:0ACCH         LINE#         965
  C:0ACFH         LINE#         966
  C:0ACFH         LINE#         970
  C:0AD6H         LINE#         971
  C:0AE4H         LINE#         972
  C:0AE6H         LINE#         973
  C:0AECH         LINE#         974
  C:0AF0H         LINE#         975
  C:0AF4H         LINE#         976
  C:0AF9H         LINE#         978
  C:0AFCH         LINE#         979
  C:0AFCH         LINE#         980
  C:0B0FH         LINE#         981
  C:0B21H         LINE#         982
  C:0B21H         LINE#         984
  C:0B26H         LINE#         985
  C:0B2AH         LINE#         986
  C:0B2CH         LINE#         987
  C:0B2CH         LINE#         989
  C:0B2EH         LINE#         990
  -------         ENDPROC       SERIAL_BUF_PROCESS
  -------         PROC          ACFAILURESAVE
  -------         DO            
  D:0004H         SYMBOL        ce_status_tmp
  -------         ENDDO         
  C:4357H         LINE#         993
  C:4357H         LINE#         994
  C:4357H         LINE#         995
  C:435CH         LINE#         997
BL51 BANKED LINKER/LOCATER V6.22                                                      01/05/2018  11:11:16  PAGE 25


  C:436EH         LINE#         998
  C:436EH         LINE#         999
  C:4372H         LINE#         1000
  C:4379H         LINE#         1001
  C:4384H         LINE#         1002
  C:4386H         LINE#         1004
  C:4386H         LINE#         1005
  C:438AH         LINE#         1006
  C:438AH         LINE#         1007
  C:4390H         LINE#         1008
  C:4393H         LINE#         1010
  C:4395H         LINE#         1011
  -------         ENDPROC       ACFAILURESAVE
  -------         PROC          UART0_INT
  -------         DO            
  I:0012H         SYMBOL        temp
  I:0013H         SYMBOL        i
  -------         ENDDO         
  C:3139H         LINE#         1015
  C:3146H         LINE#         1019
  C:314CH         LINE#         1020
  C:314CH         LINE#         1021
  C:314EH         LINE#         1023
  C:3154H         LINE#         1025
  C:315EH         LINE#         1026
  C:315EH         LINE#         1027
  C:3161H         LINE#         1029
  C:3161H         LINE#         1031
  C:3171H         LINE#         1034
  C:3189H         LINE#         1035
  C:3189H         LINE#         1036
  C:3189H         LINE#         1037
  C:3193H         LINE#         1038
  C:3193H         LINE#         1039
  C:3197H         LINE#         1040
  C:3197H         LINE#         1041
  C:319AH         LINE#         1042
  C:319AH         LINE#         1043
  C:319DH         LINE#         1044
  C:319DH         LINE#         1045
  C:31B7H         LINE#         1046
  C:31BDH         LINE#         1047
  C:31C0H         LINE#         1048
  C:31C0H         LINE#         1049
  C:31C6H         LINE#         1050
  C:31C9H         LINE#         1051
  C:31C9H         LINE#         1052
  C:31D1H         LINE#         1053
  C:31D1H         LINE#         1054
  C:31D1H         LINE#         1055
  C:31D4H         LINE#         1057
  C:31D7H         LINE#         1058
  C:31DAH         LINE#         1060
  C:31DAH         LINE#         1061
  C:31E0H         LINE#         1062
  C:31E3H         LINE#         1064
  C:31E3H         LINE#         1065
BL51 BANKED LINKER/LOCATER V6.22                                                      01/05/2018  11:11:16  PAGE 26


  C:31F3H         LINE#         1066
  C:31F3H         LINE#         1067
  C:31F6H         LINE#         1068
  C:320AH         LINE#         1069
  C:321DH         LINE#         1071
  C:3228H         LINE#         1072
  C:3228H         LINE#         1073
  C:322AH         LINE#         1074
  C:322AH         LINE#         1075
  C:322DH         LINE#         1076
  C:3230H         LINE#         1077
  C:3232H         LINE#         1082
  C:3235H         LINE#         1083
  C:3237H         LINE#         1085
  C:3237H         LINE#         1086
  C:3253H         LINE#         1087
  C:3253H         LINE#         1088
  C:3259H         LINE#         1089
  C:325BH         LINE#         1090
  C:326EH         LINE#         1091
  C:326EH         LINE#         1092
  C:3271H         LINE#         1093
  C:3271H         LINE#         1095
  C:3271H         LINE#         1096
  C:3271H         LINE#         1097
  C:3271H         LINE#         1098
  C:3274H         LINE#         1099
  C:3274H         LINE#         1100
  C:3276H         LINE#         1102
  C:327FH         LINE#         1103
  C:327FH         LINE#         1104
  C:3282H         LINE#         1105
  C:328CH         LINE#         1106
  C:3291H         LINE#         1107
  C:3296H         LINE#         1109
  C:3299H         LINE#         1111
  C:329BH         LINE#         1112
  C:32A5H         LINE#         1113
  C:32A5H         LINE#         1114
  C:32ABH         LINE#         1115
  C:32B1H         LINE#         1117
  C:32BBH         LINE#         1118
  C:32BDH         LINE#         1120
  C:32C7H         LINE#         1121
  C:32C9H         LINE#         1123
  C:32C9H         LINE#         1124
  C:32CCH         LINE#         1125
  C:32CCH         LINE#         1126
  C:32CCH         LINE#         1127
  -------         ENDPROC       UART0_INT
  -------         PROC          TIMER0_ISR
  C:4294H         LINE#         1130
  C:429CH         LINE#         1132
  C:42A3H         LINE#         1133
  C:42A3H         LINE#         1134
  C:42AAH         LINE#         1135
  C:42AAH         LINE#         1136
BL51 BANKED LINKER/LOCATER V6.22                                                      01/05/2018  11:11:16  PAGE 27


  C:42AFH         LINE#         1137
  C:42B2H         LINE#         1138
  C:42B2H         LINE#         1140
  C:42B2H         LINE#         1142
  C:42B9H         LINE#         1143
  C:42B9H         LINE#         1144
  C:42C2H         LINE#         1145
  C:42C2H         LINE#         1146
  C:42C7H         LINE#         1147
  C:42CCH         LINE#         1148
  C:42CCH         LINE#         1149
  C:42CCH         LINE#         1150
  -------         ENDPROC       TIMER0_ISR
  -------         PROC          _RELAY_CTR
  D:0007H         SYMBOL        num
  D:0005H         SYMBOL        cmd
  C:41C6H         LINE#         1152
  C:41C6H         LINE#         1153
  C:41C6H         LINE#         1154
  C:41D2H         LINE#         1155
  C:41D2H         LINE#         1156
  C:41D2H         LINE#         1157
  C:41D6H         LINE#         1158
  C:41DBH         LINE#         1159
  C:41E0H         LINE#         1160
  C:41E7H         LINE#         1161
  C:41E8H         LINE#         1162
  C:41E8H         LINE#         1163
  C:41ECH         LINE#         1164
  C:41F1H         LINE#         1165
  C:41F5H         LINE#         1166
  C:41F5H         LINE#         1167
  C:41F7H         LINE#         1168
  C:41F7H         LINE#         1169
  C:41FBH         LINE#         1170
  C:4200H         LINE#         1171
  C:4204H         LINE#         1172
  C:420BH         LINE#         1173
  C:420BH         LINE#         1174
  C:420BH         LINE#         1175
  -------         ENDPROC       _RELAY_CTR
  -------         ENDMOD        MAIN

  -------         MODULE        EEPROM
  C:0000H         SYMBOL        _ICE_DUMMY_
  D:00A8H         PUBLIC        IEN0
  D:00B8H         PUBLIC        IEN1
  C:449DH         PUBLIC        _delay
  C:4396H         PUBLIC        _I2C_Read_Byte
  C:3974H         PUBLIC        _Load_Calib_Data
  C:0B3EH         PUBLIC        _I2C_Sequential_Read
  C:4129H         PUBLIC        _I2C_Write_Byte
  C:4530H         PUBLIC        DisableWriteI2c
  C:3EA5H         PUBLIC        _I2C_Sequential_Write
  C:44E1H         PUBLIC        I2C_Start
  D:0088H         PUBLIC        TCON
  C:4527H         PUBLIC        EnableWriteI2c
BL51 BANKED LINKER/LOCATER V6.22                                                      01/05/2018  11:11:16  PAGE 28


  C:44B3H         PUBLIC        _memcpy_cex_1
  C:44F2H         PUBLIC        I2C_Stop
  D:00E0H         PUBLIC        ACC
  D:00E8H         PUBLIC        FLAG0
  D:00F8H         PUBLIC        FLAG1
  D:0098H         PUBLIC        S0CON
  D:00C8H         PUBLIC        T2CON
  C:4472H         PUBLIC        _OSEEPROMRead
  B:0080H.2       PUBLIC        DIO_2
  B:0080H.3       PUBLIC        DIO_3
  B:0090H.0       PUBLIC        DIO_4
  B:0080H.6       PUBLIC        DIR_2
  B:0080H.7       PUBLIC        DIR_3
  B:0090H.4       PUBLIC        DIR_4
  D:0080H         PUBLIC        PORT0
  D:0090H         PUBLIC        PORT1
  D:00A0H         PUBLIC        PORT2
  D:00B0H         PUBLIC        PORT3
  D:00D0H         PUBLIC        PSW
  C:3A89H         PUBLIC        _OSEEPROMWrite
  D:00C0H         PUBLIC        IRCON
  D:00D8H         PUBLIC        WDCON
  C:3C5DH         SYMBOL        Com0055
  C:3C5DH         SYMBOL        L?0086
  C:3C9CH         SYMBOL        L?0087
  C:3CA3H         SYMBOL        L?0091
  C:3CA3H         SYMBOL        L?0092
  C:3CB4H         SYMBOL        L?0094
  C:3CC0H         SYMBOL        L?0095
  C:3CD9H         SYMBOL        L?0096
  C:3CEEH         SYMBOL        L?0097
  C:3CFEH         SYMBOL        L?0098
  C:3D0AH         SYMBOL        L?0099
  C:3D0AH         SYMBOL        L?0100
  C:3D13H         SYMBOL        L?0101
  C:3D22H         SYMBOL        L?0103
  C:3D22H         SYMBOL        L?0104
  C:3D2BH         SYMBOL        L?0106
  C:3D35H         SYMBOL        L?0107
  -------         PROC          COM0055
  -------         ENDPROC       COM0055
  C:4494H         SYMBOL        L?0089
  C:4499H         SYMBOL        L?0090
  -------         PROC          L?0088
  -------         ENDPROC       L?0088
  C:4494H         SYMBOL        L?0089
  C:4499H         SYMBOL        L?0090
  -------         PROC          _DELAY
  D:0007H         SYMBOL        t
  -------         DO            
  D:0006H         SYMBOL        i
  -------         ENDDO         
  C:449DH         LINE#         18
  C:449DH         LINE#         19
  C:449DH         LINE#         21
  C:44A0H         LINE#         22
  C:44A0H         LINE#         23
BL51 BANKED LINKER/LOCATER V6.22                                                      01/05/2018  11:11:16  PAGE 29


  C:44A2H         LINE#         24
  C:44A2H         LINE#         25
  C:44A3H         LINE#         26
  C:44A4H         LINE#         27
  C:44A5H         LINE#         28
  C:44A6H         LINE#         30
  C:44A7H         LINE#         31
  C:44A8H         LINE#         32
  C:44A9H         LINE#         33
  C:44AAH         LINE#         34
  C:44AFH         LINE#         36
  C:44B0H         LINE#         37
  C:44B2H         LINE#         38
  -------         ENDPROC       _DELAY
  -------         PROC          I2C_START
  C:44E1H         LINE#         41
  C:44E1H         LINE#         42
  C:44E1H         LINE#         43
  C:44E3H         LINE#         44
  C:44E5H         LINE#         45
  C:44E7H         LINE#         46
  C:44E7H         LINE#         47
  C:44E7H         LINE#         48
  C:44EAH         LINE#         49
  C:44ECH         LINE#         50
  C:44ECH         LINE#         51
  C:44ECH         LINE#         52
  -------         ENDPROC       I2C_START
  -------         PROC          I2C_STOP
  C:44F2H         LINE#         55
  C:44F2H         LINE#         56
  C:44F2H         LINE#         57
  C:44F4H         LINE#         58
  C:44F6H         LINE#         59
  C:44F6H         LINE#         60
  C:44F6H         LINE#         61
  C:44F9H         LINE#         62
  C:44FBH         LINE#         63
  C:44FBH         LINE#         64
  C:44FBH         LINE#         65
  -------         ENDPROC       I2C_STOP
  -------         PROC          ENABLEWRITEI2C
  C:4527H         LINE#         68
  C:4527H         LINE#         69
  C:4527H         LINE#         70
  C:4529H         LINE#         71
  C:452BH         LINE#         72
  -------         ENDPROC       ENABLEWRITEI2C
  -------         PROC          DISABLEWRITEI2C
  C:4530H         LINE#         75
  C:4530H         LINE#         76
  C:4530H         LINE#         77
  C:4532H         LINE#         78
  C:4534H         LINE#         79
  -------         ENDPROC       DISABLEWRITEI2C
  -------         PROC          L?0102
  -------         ENDPROC       L?0102
BL51 BANKED LINKER/LOCATER V6.22                                                      01/05/2018  11:11:16  PAGE 30


  -------         PROC          _I2C_WRITE_BYTE
  D:0005H         SYMBOL        Data
  -------         DO            
  D:0004H         SYMBOL        i
  -------         ENDDO         
  C:4129H         LINE#         83
  C:412BH         LINE#         84
  C:412BH         LINE#         88
  C:4131H         LINE#         89
  C:4133H         LINE#         90
  C:4133H         LINE#         91
  C:4137H         LINE#         92
  C:413BH         LINE#         94
  C:413DH         LINE#         95
  C:413DH         LINE#         96
  C:413DH         LINE#         97
  C:4140H         LINE#         98
  C:4144H         LINE#         99
  C:414AH         LINE#         100
  C:414AH         LINE#         101
  C:414CH         LINE#         102
  C:4151H         LINE#         103
  C:4153H         LINE#         105
  C:4153H         LINE#         106
  C:4155H         LINE#         107
  C:4155H         LINE#         109
  C:415AH         LINE#         110
  C:415CH         LINE#         111
  C:415CH         LINE#         112
  C:415CH         LINE#         113
  C:415FH         LINE#         114
  C:4162H         LINE#         115
  C:4162H         LINE#         116
  C:4164H         LINE#         117
  C:4166H         LINE#         118
  C:4168H         LINE#         119
  C:416DH         LINE#         121
  C:416FH         LINE#         122
  C:416FH         LINE#         124
  C:416FH         LINE#         128
  C:4171H         LINE#         129
  C:4173H         LINE#         130
  C:4178H         LINE#         131
  C:417AH         LINE#         134
  C:417BH         LINE#         135
  C:417BH         LINE#         136
  -------         ENDPROC       _I2C_WRITE_BYTE
  -------         PROC          _I2C_READ_BYTE
  D:0005H         SYMBOL        ACK
  -------         DO            
  D:0004H         SYMBOL        read_byte
  D:0003H         SYMBOL        i
  -------         ENDDO         
  C:4396H         LINE#         139
  C:4398H         LINE#         140
  C:4398H         LINE#         141
  C:439AH         LINE#         143
BL51 BANKED LINKER/LOCATER V6.22                                                      01/05/2018  11:11:16  PAGE 31


  C:43A0H         LINE#         144
  C:43A2H         LINE#         145
  C:43A4H         LINE#         146
  C:43A4H         LINE#         147
  C:43A8H         LINE#         148
  C:43A8H         LINE#         149
  C:43ABH         LINE#         150
  C:43B1H         LINE#         151
  C:43B3H         LINE#         152
  C:43B8H         LINE#         153
  C:43BDH         LINE#         154
  C:43BFH         LINE#         155
  C:43C2H         LINE#         156
  C:43C6H         LINE#         158
  C:43C8H         LINE#         159
  C:43C8H         LINE#         160
  C:43C8H         LINE#         161
  C:43CBH         LINE#         162
  C:43CDH         LINE#         163
  C:43D2H         LINE#         164
  C:43D4H         LINE#         165
  -------         ENDPROC       _I2C_READ_BYTE
  -------         PROC          _I2C_SEQUENTIAL_WRITE
  D:0006H         SYMBOL        MemAddr
  X:0802H         SYMBOL        DevSlaveAddr
  D:0001H         SYMBOL        _buff_I2C
  X:0806H         SYMBOL        N
  -------         DO            
  X:0807H         SYMBOL        i
  D:0003H         SYMBOL        addr_byte
  X:0808H         SYMBOL        addr
  X:080AH         SYMBOL        data_point
  -------         ENDDO         
  C:3EA5H         LINE#         167
  C:3EAAH         LINE#         168
  C:3EAAH         LINE#         173
  C:3EADH         LINE#         174
  C:3EB0H         LINE#         175
  C:3EB6H         LINE#         177
  C:3EB9H         LINE#         179
  C:3EC2H         LINE#         180
  C:3EC2H         LINE#         181
  C:3EC5H         LINE#         183
  C:3ED1H         LINE#         184
  C:3ED1H         LINE#         185
  C:3ED1H         LINE#         186
  C:3ED3H         LINE#         187
  C:3ED3H         LINE#         188
  C:3EDBH         LINE#         189
  C:3EDBH         LINE#         190
  C:3EE0H         LINE#         191
  C:3EE6H         LINE#         192
  C:3EE6H         LINE#         193
  C:3EE6H         LINE#         194
  C:3EE8H         LINE#         195
  C:3EE8H         LINE#         196
  C:3EEBH         LINE#         197
BL51 BANKED LINKER/LOCATER V6.22                                                      01/05/2018  11:11:16  PAGE 32


  C:3EF0H         LINE#         198
  C:3EF0H         LINE#         199
  C:3EF3H         LINE#         200
  C:3EF5H         LINE#         201
  C:3EF5H         LINE#         202
  C:3EF5H         LINE#         203
  C:3EFEH         LINE#         204
  C:3EFEH         LINE#         205
  C:3F0BH         LINE#         206
  C:3F11H         LINE#         207
  C:3F17H         LINE#         208
  C:3F1DH         LINE#         209
  C:3F25H         LINE#         210
  C:3F25H         LINE#         211
  C:3F28H         LINE#         212
  C:3F2DH         LINE#         213
  C:3F2DH         LINE#         214
  C:3F2DH         LINE#         215
  C:3F2DH         LINE#         216
  C:3F37H         LINE#         217
  C:3F37H         LINE#         219
  C:3F3AH         LINE#         220
  C:3F3FH         LINE#         221
  C:3F44H         LINE#         223
  C:3F47H         LINE#         224
  C:3F48H         LINE#         225
  -------         ENDPROC       _I2C_SEQUENTIAL_WRITE
  -------         PROC          _I2C_SEQUENTIAL_READ
  D:0006H         SYMBOL        MemAddr
  X:07F1H         SYMBOL        DevSlaveAddr
  D:0001H         SYMBOL        _data_point
  X:07F5H         SYMBOL        N
  -------         DO            
  X:07F6H         SYMBOL        i
  D:0003H         SYMBOL        addr_byte
  X:07F7H         SYMBOL        addr
  X:07F9H         SYMBOL        data_point
  X:07FCH         SYMBOL        ACK
  -------         ENDDO         
  C:0B3EH         LINE#         227
  C:0B43H         LINE#         228
  C:0B43H         LINE#         232
  C:0B48H         LINE#         234
  C:0B4BH         LINE#         235
  C:0B4EH         LINE#         236
  C:0B54H         LINE#         237
  C:0B60H         LINE#         238
  C:0B60H         LINE#         239
  C:0B60H         LINE#         241
  C:0B69H         LINE#         242
  C:0B69H         LINE#         243
  C:0B69H         LINE#         244
  C:0B6BH         LINE#         245
  C:0B6BH         LINE#         246
  C:0B73H         LINE#         247
  C:0B73H         LINE#         248
  C:0B78H         LINE#         249
BL51 BANKED LINKER/LOCATER V6.22                                                      01/05/2018  11:11:16  PAGE 33


  C:0B7EH         LINE#         250
  C:0B7EH         LINE#         251
  C:0B7EH         LINE#         252
  C:0B80H         LINE#         253
  C:0B80H         LINE#         254
  C:0B83H         LINE#         255
  C:0B88H         LINE#         256
  C:0B88H         LINE#         257
  C:0B88H         LINE#         258
  C:0B8AH         LINE#         259
  C:0B8AH         LINE#         260
  C:0B8AH         LINE#         262
  C:0B8AH         LINE#         264
  C:0B95H         LINE#         265
  C:0B95H         LINE#         266
  C:0B98H         LINE#         267
  C:0B9AH         LINE#         268
  C:0B9AH         LINE#         270
  C:0B9AH         LINE#         271
  C:0BA4H         LINE#         272
  C:0BA4H         LINE#         273
  C:0BAEH         LINE#         274
[...]
  C:223AH         LINE#         490
  C:2245H         LINE#         491
  C:2245H         LINE#         492
  C:2251H         LINE#         493
  C:225AH         LINE#         494
  C:2265H         LINE#         496
  C:2271H         LINE#         497
  C:2273H         LINE#         499
  C:227EH         LINE#         500
  C:227EH         LINE#         501
  C:228AH         LINE#         502
  C:2293H         LINE#         503
  C:229EH         LINE#         505
  C:22AAH         LINE#         506
  C:22ACH         LINE#         508
  C:22B7H         LINE#         509
  C:22B7H         LINE#         510
  C:22C3H         LINE#         511
  C:22CCH         LINE#         512
  C:22D7H         LINE#         514
  C:22E3H         LINE#         515
  C:22E5H         LINE#         517
  C:22F0H         LINE#         518
  C:22F0H         LINE#         519
  C:22FCH         LINE#         520
  C:2305H         LINE#         521
  C:2310H         LINE#         523
  C:231CH         LINE#         524
  C:231EH         LINE#         525
  -------         ENDPROC       CAL_ENERGY
  -------         PROC          _SAVEENERGY
  X:07DAH         SYMBOL        addon
BL51 BANKED LINKER/LOCATER V6.22                                                      01/05/2018  11:11:16  PAGE 46


  C:3D3FH         LINE#         527
  C:3D45H         LINE#         528
  C:3D45H         LINE#         529
  C:3D48H         LINE#         531
  C:3D59H         LINE#         532
  C:3D59H         LINE#         533
  C:3D5CH         LINE#         534
  C:3D66H         LINE#         535
  C:3D66H         LINE#         537
  C:3D77H         LINE#         538
  C:3D77H         LINE#         539
  C:3D7AH         LINE#         540
  C:3D84H         LINE#         541
  C:3D84H         LINE#         543
  C:3D95H         LINE#         544
  C:3D95H         LINE#         545
  C:3D98H         LINE#         546
  C:3DA2H         LINE#         547
  C:3DA2H         LINE#         549
  C:3DB3H         LINE#         550
  C:3DB3H         LINE#         551
  C:3DB6H         LINE#         552
  C:3DC0H         LINE#         553
  C:3DC0H         LINE#         555
  C:3DD1H         LINE#         556
  C:3DD1H         LINE#         557
  C:3DD4H         LINE#         558
  C:3DDEH         LINE#         559
  C:3DDEH         LINE#         561
  C:3DEFH         LINE#         562
  C:3DEFH         LINE#         563
  C:3DF2H         LINE#         564
  C:3DF8H         LINE#         565
  C:3DF8H         LINE#         567
  -------         ENDPROC       _SAVEENERGY
  C:3125H         SYMBOL        L?0297
  C:312FH         SYMBOL        L?0337
  -------         PROC          INIT_XFER
  -------         DO            
  B:0020H.3       SYMBOL        sucess
  X:07DAH         SYMBOL        i
  X:07DBH         SYMBOL        j
  X:07DCH         SYMBOL        eeprom_new_flag
  -------         ENDDO         
  C:2E33H         LINE#         569
  C:2E33H         LINE#         570
  C:2E33H         LINE#         571
  C:2E35H         LINE#         572
  C:2E3AH         LINE#         574
  C:2E42H         LINE#         575
  C:2E4CH         LINE#         576
  C:2E74H         LINE#         577
  C:2E92H         LINE#         578
  C:2EB0H         LINE#         579
  C:2ECEH         LINE#         580
  C:2EECH         LINE#         582
  C:2EEEH         LINE#         583
BL51 BANKED LINKER/LOCATER V6.22                                                      01/05/2018  11:11:16  PAGE 47


  C:2EF4H         LINE#         584
  C:2F08H         LINE#         585
  C:2F10H         LINE#         586
  C:2F10H         LINE#         587
  C:2F14H         LINE#         588
  C:2F14H         LINE#         589
  C:2F1FH         LINE#         590
  C:2F2AH         LINE#         591
  C:2F35H         LINE#         592
  C:2F40H         LINE#         593
  C:2F51H         LINE#         594
  C:2F5EH         LINE#         596
  C:2F61H         LINE#         597
  C:2F69H         LINE#         599
  C:2F6CH         LINE#         600
  C:2F6FH         LINE#         602
  C:2F72H         LINE#         603
  C:2F75H         LINE#         604
  C:2F78H         LINE#         605
  C:2F7BH         LINE#         606
  C:2F7EH         LINE#         608
  C:2F7EH         LINE#         609
  C:2F83H         LINE#         610
  C:2F83H         LINE#         611
  C:2F96H         LINE#         612
  C:2FABH         LINE#         613
  C:2FBEH         LINE#         614
  C:2FD3H         LINE#         615
  C:2FE6H         LINE#         616
  C:2FFBH         LINE#         617
  C:3002H         LINE#         618
  C:3005H         LINE#         619
  C:300FH         LINE#         620
  C:3019H         LINE#         621
  C:3023H         LINE#         622
  C:302DH         LINE#         623
  C:3037H         LINE#         624
  C:303DH         LINE#         625
  C:303DH         LINE#         627
  C:3042H         LINE#         628
  C:3042H         LINE#         629
  C:304EH         LINE#         630
  C:305BH         LINE#         631
  C:3066H         LINE#         632
  C:307DH         LINE#         633
  C:308AH         LINE#         634
  C:3090H         LINE#         635
  C:309AH         LINE#         636
  C:30A4H         LINE#         637
  C:30AEH         LINE#         638
  C:30B6H         LINE#         640
  C:30BBH         LINE#         641
  C:30BBH         LINE#         642
  C:30C8H         LINE#         643
  C:30D2H         LINE#         644
  C:30D8H         LINE#         646
  C:30DDH         LINE#         647
BL51 BANKED LINKER/LOCATER V6.22                                                      01/05/2018  11:11:16  PAGE 48


  C:30DDH         LINE#         648
  C:30ECH         LINE#         649
  C:3108H         LINE#         650
  C:310EH         LINE#         651
  C:3115H         LINE#         652
  C:311AH         LINE#         653
  C:3124H         LINE#         655
  -------         ENDPROC       INIT_XFER
  -------         PROC          CAL_MODULE
  -------         DO            
  X:0745H         SYMBOL        av_power
  X:0751H         SYMBOL        power_temp
  X:0755H         SYMBOL        p_buf
  X:0779H         SYMBOL        i
  X:077AH         SYMBOL        j
  X:077BH         SYMBOL        k
  D:0004H         SYMBOL        Ev
  X:077CH         SYMBOL        Axv
  D:0004H         SYMBOL        E0
  D:0004H         SYMBOL        Axi
  X:0780H         SYMBOL        CAL_V
  X:078CH         SYMBOL        CAL_I
  X:0798H         SYMBOL        PHADJ
  D:0004H         SYMBOL        dadr
  X:079EH         SYMBOL        sdata
  B:0020H.6       SYMBOL        Whether_cal
  -------         ENDDO         
  C:26DAH         LINE#         657
  C:26DAH         LINE#         658
  C:26DAH         LINE#         670
  C:26DFH         LINE#         671
  C:26DFH         LINE#         672
  C:26EEH         LINE#         673
  C:26F9H         LINE#         674
  C:2709H         LINE#         675
  C:2716H         LINE#         676
  C:271DH         LINE#         678
  C:2722H         LINE#         679
  C:2722H         LINE#         680
  C:2727H         LINE#         681
  C:2751H         LINE#         682
  C:276BH         LINE#         683
  C:2773H         LINE#         685
  C:2778H         LINE#         686
  C:2778H         LINE#         687
  C:277DH         LINE#         688
  C:27AEH         LINE#         689
  C:27B5H         LINE#         690
  C:27BAH         LINE#         691
  C:27BAH         LINE#         692
  C:27BFH         LINE#         693
  C:27BFH         LINE#         694
  C:27D9H         LINE#         695
  C:27D9H         LINE#         696
  C:27FFH         LINE#         697
  C:27FFH         LINE#         698
  C:281AH         LINE#         699
BL51 BANKED LINKER/LOCATER V6.22                                                      01/05/2018  11:11:16  PAGE 49


  C:283EH         LINE#         700
  C:2859H         LINE#         701
  C:2859H         LINE#         702
  C:285FH         LINE#         703
  C:286AH         LINE#         704
  C:2878H         LINE#         705
  C:287FH         LINE#         706
  C:287FH         LINE#         707
  C:2882H         LINE#         708
  C:2882H         LINE#         709
  C:2887H         LINE#         710
  C:2887H         LINE#         711
  C:288BH         LINE#         712
  C:2891H         LINE#         713
  C:2893H         LINE#         715
  C:289DH         LINE#         717
  C:289FH         LINE#         719
  C:28A6H         LINE#         720
  C:28A6H         LINE#         721
  C:28B1H         LINE#         722
  C:28B1H         LINE#         723
  C:28B7H         LINE#         724
  C:28B7H         LINE#         725
  C:28C8H         LINE#         726
  C:28C8H         LINE#         727
  C:291FH         LINE#         729
  C:291FH         LINE#         731
  C:293FH         LINE#         732
  C:294BH         LINE#         733
  C:2962H         LINE#         735
  C:297FH         LINE#         736
  C:2998H         LINE#         737
  C:29B2H         LINE#         739
  C:29C1H         LINE#         740
  C:29CFH         LINE#         741
  C:29E1H         LINE#         742
  C:29F3H         LINE#         743
  C:29F5H         LINE#         744
  C:29F5H         LINE#         745
  C:29FBH         LINE#         746
  C:29FEH         LINE#         747
  C:29FEH         LINE#         749
  C:2A00H         LINE#         750
  C:2A0FH         LINE#         751
  C:2A0FH         LINE#         753
  C:2A2BH         LINE#         754
  C:2A37H         LINE#         755
  C:2A51H         LINE#         756
  C:2A56H         LINE#         757
  C:2A58H         LINE#         759
  C:2A6DH         LINE#         760
  C:2A6DH         LINE#         761
  C:2A6DH         LINE#         762
  C:2A70H         LINE#         763
  C:2A70H         LINE#         764
  C:2A75H         LINE#         765
  C:2A75H         LINE#         766
BL51 BANKED LINKER/LOCATER V6.22                                                      01/05/2018  11:11:16  PAGE 50


  C:2A79H         LINE#         767
  C:2A7FH         LINE#         768
  C:2A81H         LINE#         769
  C:2A82H         LINE#         771
  C:2A8CH         LINE#         772
  C:2A8CH         LINE#         774
  C:2A93H         LINE#         775
  C:2A93H         LINE#         777
  -------         ENDPROC       CAL_MODULE
  -------         PROC          EARTH_DEC_INIT
  C:450FH         LINE#         778
  C:450FH         LINE#         779
  C:450FH         LINE#         780
  C:4514H         LINE#         781
  C:4518H         LINE#         782
  C:451CH         LINE#         783
  -------         ENDPROC       EARTH_DEC_INIT
  -------         PROC          EARTH_DEC
  C:4316H         LINE#         784
  C:4316H         LINE#         785
  C:4316H         LINE#         786
  C:431FH         LINE#         787
  C:431FH         LINE#         788
  C:4321H         LINE#         789
  C:4326H         LINE#         790
  C:4326H         LINE#         791
  C:4330H         LINE#         792
  C:4330H         LINE#         793
  C:4333H         LINE#         794
  C:433AH         LINE#         795
  C:433CH         LINE#         796
  C:433EH         LINE#         797
  C:4345H         LINE#         798
  C:4345H         LINE#         799
  C:4348H         LINE#         800
  C:4348H         LINE#         801
  C:434BH         LINE#         802
  C:4352H         LINE#         803
  C:4354H         LINE#         804
  C:4356H         LINE#         805
  C:4356H         LINE#         807
  -------         ENDPROC       EARTH_DEC
  -------         ENDMOD        ENERGY

  -------         MODULE        CE43A02_CE
  C:0000H         SYMBOL        _ICE_DUMMY_
  C:0C00H         PUBLIC        CeCode
  C:0BFEH         PUBLIC        NumCeCode
  -------         ENDMOD        CE43A02_CE

  -------         MODULE        CE43A02_DAT
  C:0000H         SYMBOL        _ICE_DUMMY_
  C:0100H         PUBLIC        CeData
  C:00FEH         PUBLIC        NumCeData
  -------         ENDMOD        CE43A02_DAT

  -------         MODULE        ?C?FPADD
BL51 BANKED LINKER/LOCATER V6.22                                                      01/05/2018  11:11:16  PAGE 51


  C:1613H         PUBLIC        ?C?FPADD
  C:160FH         PUBLIC        ?C?FPSUB
  -------         ENDMOD        ?C?FPADD

  -------         MODULE        ?C?FPMUL
  C:1704H         PUBLIC        ?C?FPMUL
  -------         ENDMOD        ?C?FPMUL

  -------         MODULE        ?C?FPDIV
  C:180DH         PUBLIC        ?C?FPDIV
  -------         ENDMOD        ?C?FPDIV

  -------         MODULE        ?C?FCAST
  C:18B4H         PUBLIC        ?C?FCASTC
  C:18AFH         PUBLIC        ?C?FCASTI
  C:18AAH         PUBLIC        ?C?FCASTL
  -------         ENDMOD        ?C?FCAST

  -------         MODULE        ?C?CASTF
  C:18E8H         PUBLIC        ?C?CASTF
  -------         ENDMOD        ?C?CASTF

  -------         MODULE        SQRT
  C:3DFDH         PUBLIC        _SQRT
  -------         ENDMOD        SQRT

  -------         MODULE        ACOS
  C:417CH         PUBLIC        _ACOS
  -------         ENDMOD        ACOS

  -------         MODULE        ATAN
  C:3872H         PUBLIC        _ATAN
  -------         ENDMOD        ATAN

  -------         MODULE        ?C?COPY
  C:1A86H         PUBLIC        ?C?COPY
  -------         ENDMOD        ?C?COPY

  -------         MODULE        ?C?CLDPTR
  C:1AACH         PUBLIC        ?C?CLDPTR
  -------         ENDMOD        ?C?CLDPTR

  -------         MODULE        ?C?CLDOPTR
  C:1AC5H         PUBLIC        ?C?CLDOPTR
  -------         ENDMOD        ?C?CLDOPTR

  -------         MODULE        ?C?CSTPTR
  C:1AF2H         PUBLIC        ?C?CSTPTR
  -------         ENDMOD        ?C?CSTPTR

  -------         MODULE        ?C?CSTOPTR
  C:1B04H         PUBLIC        ?C?CSTOPTR
  -------         ENDMOD        ?C?CSTOPTR

  -------         MODULE        ?C?IILDX
  C:1B26H         PUBLIC        ?C?IILDX
  -------         ENDMOD        ?C?IILDX
BL51 BANKED LINKER/LOCATER V6.22                                                      01/05/2018  11:11:16  PAGE 52



  -------         MODULE        ?C?ILDIX
  C:1B3CH         PUBLIC        ?C?ILDIX
  -------         ENDMOD        ?C?ILDIX

  -------         MODULE        ?C?LADD
  C:1B52H         PUBLIC        ?C?LADD
  -------         ENDMOD        ?C?LADD

  -------         MODULE        ?C?LSUB
  C:1B5FH         PUBLIC        ?C?LSUB
  -------         ENDMOD        ?C?LSUB

  -------         MODULE        ?C?LMUL
  C:1B6DH         PUBLIC        ?C?LMUL
  -------         ENDMOD        ?C?LMUL

  -------         MODULE        ?C?ULDIV
  C:1BF8H         PUBLIC        ?C?ULDIV
  -------         ENDMOD        ?C?ULDIV

  -------         MODULE        ?C?SLDIV
  C:4250H         PUBLIC        ?C?SLDIV
  -------         ENDMOD        ?C?SLDIV

  -------         MODULE        ?C?LOR
  C:1C8AH         PUBLIC        ?C?LOR
  -------         ENDMOD        ?C?LOR

  -------         MODULE        ?C?LNEG
  C:1C97H         PUBLIC        ?C?LNEG
  -------         ENDMOD        ?C?LNEG

  -------         MODULE        ?C?SLCMP
  C:1CA5H         PUBLIC        ?C?SLCMP
  -------         ENDMOD        ?C?SLCMP

  -------         MODULE        ?C?ULCMP
  C:1CBBH         PUBLIC        ?C?ULCMP
  -------         ENDMOD        ?C?ULCMP

  -------         MODULE        ?C?ULSHR
  C:1CCCH         PUBLIC        ?C?ULSHR
  -------         ENDMOD        ?C?ULSHR

  -------         MODULE        ?C?SLSHR
  C:1CDFH         PUBLIC        ?C?SLSHR
  -------         ENDMOD        ?C?SLSHR

  -------         MODULE        ?C?LLDIDATA
  C:1CF3H         PUBLIC        ?C?LLDIDATA
  -------         ENDMOD        ?C?LLDIDATA

  -------         MODULE        ?C?LLDXDATA
  C:1CFFH         PUBLIC        ?C?LLDXDATA
  -------         ENDMOD        ?C?LLDXDATA

BL51 BANKED LINKER/LOCATER V6.22                                                      01/05/2018  11:11:16  PAGE 53


  -------         MODULE        ?C?LLDPDATA
  C:1D0BH         PUBLIC        ?C?LLDPDATA
  -------         ENDMOD        ?C?LLDPDATA

  -------         MODULE        ?C?LLDCODE
  C:1D17H         PUBLIC        ?C?LLDCODE
  -------         ENDMOD        ?C?LLDCODE

  -------         MODULE        ?C?LLDXDATA0
  C:1D27H         PUBLIC        ?C?LLDXDATA0
  -------         ENDMOD        ?C?LLDXDATA0

  -------         MODULE        ?C?LLDPDATA0
  C:1D33H         PUBLIC        ?C?LLDPDATA0
  -------         ENDMOD        ?C?LLDPDATA0

  -------         MODULE        ?C?LLDCODE0
  C:1D40H         PUBLIC        ?C?LLDCODE0
  -------         ENDMOD        ?C?LLDCODE0

  -------         MODULE        ?C?LSTIDATA
  C:1D50H         PUBLIC        ?C?LSTIDATA
  -------         ENDMOD        ?C?LSTIDATA

  -------         MODULE        ?C?LSTXDATA
  C:1D5CH         PUBLIC        ?C?LSTXDATA
  -------         ENDMOD        ?C?LSTXDATA

  -------         MODULE        ?C?LSTKXDATA
  C:1D68H         PUBLIC        ?C?LSTKXDATA
  -------         ENDMOD        ?C?LSTKXDATA

  -------         MODULE        ?C?LSTKPDATA
  C:1D99H         PUBLIC        ?C?LSTKPDATA
  -------         ENDMOD        ?C?LSTKPDATA

  -------         MODULE        ?C?OFFXADD
  C:1DB2H         PUBLIC        ?C?OFFXADD
  -------         ENDMOD        ?C?OFFXADD

  -------         MODULE        ?C?PLDXDATA
  C:1DBEH         PUBLIC        ?C?PLDXDATA
  -------         ENDMOD        ?C?PLDXDATA

  -------         MODULE        ?C?PLDIXDATA
  C:1DC7H         PUBLIC        ?C?PLDIXDATA
  -------         ENDMOD        ?C?PLDIXDATA

  -------         MODULE        ?C?PSTXDATA
  C:1DDEH         PUBLIC        ?C?PSTXDATA
  -------         ENDMOD        ?C?PSTXDATA

  -------         MODULE        ?C?CCASE
  C:1DE7H         PUBLIC        ?C?CCASE
  -------         ENDMOD        ?C?CCASE

  -------         MODULE        ?C?ICALL
BL51 BANKED LINKER/LOCATER V6.22                                                      01/05/2018  11:11:16  PAGE 54


  C:1E0DH         PUBLIC        ?C?ICALL
  C:1E11H         PUBLIC        ?C?ICALL2
  -------         ENDMOD        ?C?ICALL

  -------         MODULE        ?C_IBP
  D:0011H         PUBLIC        ?C_IBP
  -------         ENDMOD        ?C_IBP

  -------         MODULE        LABS
  C:4539H         PUBLIC        _LABS
  -------         ENDMOD        LABS



FUNCTION REGISTER MASKS


FUNCTION . . . . . . . . . . . REG MASK
---------------------------------------

DISABLEWRITEI2C. . . . . . . . @0xf003
EARTH_DEC. . . . . . . . . . . @0xf300
EARTH_DEC_INIT . . . . . . . . @0xe300
ENABLEWRITEI2C . . . . . . . . @0xf003
I2C_START. . . . . . . . . . . @0xf003
I2C_STOP . . . . . . . . . . . @0xf003
INIT_SERIAL. . . . . . . . . . @0xe370
TIMER0_ISR . . . . . . . . . . @0xf300
UART0_INT. . . . . . . . . . . @0xf7ff
_?BATMODE_IS_BROWNOUT. . . . . @0xf000
_?READ_ADC_ISR . . . . . . . . @0xff9f
_?XFER_RTC_ISR . . . . . . . . @0xe300
_DELAY . . . . . . . . . . . . @0xf003
_I2C_READ_BYTE . . . . . . . . @0xf31f
_I2C_SEQUENTIAL_READ . . . . . @0xf7ff
_I2C_SEQUENTIAL_WRITE. . . . . @0xf7ff
_I2C_WRITE_BYTE. . . . . . . . @0xf30f
_MEMCPY_CEX_1. . . . . . . . . @0xf7f1
_OSEEPROMREAD. . . . . . . . . @0xf7ff
_OSEEPROMWRITE . . . . . . . . @0xf7ff
_RELAY_CTR . . . . . . . . . . @0xf300
_XDATA_TABLE . . . . . . . . . @0xf787

Program Size: data=22.0 xdata=1130 code=17491
LINK/LOCATE RUN COMPLETE.  0 WARNING(S),  0 ERROR(S)
